Archive member included to satisfy reference by file (symbol)

/home/chaoyu/Downloads/eclipse/plugins/fr.ac6.mcu.externaltools.arm-none.linux64_1.15.0.201708311556/tools/compiler/bin/../lib/gcc/arm-none-eabi/6.3.1/thumb/v7e-m/fpv4-sp/hard/libgcc.a(_aeabi_uldivmod.o)
                              Drivers/STM32L4xx_HAL_Driver/Src/stm32l4xx_hal_uart.o (__aeabi_uldivmod)
/home/chaoyu/Downloads/eclipse/plugins/fr.ac6.mcu.externaltools.arm-none.linux64_1.15.0.201708311556/tools/compiler/bin/../lib/gcc/arm-none-eabi/6.3.1/thumb/v7e-m/fpv4-sp/hard/libgcc.a(_udivmoddi4.o)
                              /home/chaoyu/Downloads/eclipse/plugins/fr.ac6.mcu.externaltools.arm-none.linux64_1.15.0.201708311556/tools/compiler/bin/../lib/gcc/arm-none-eabi/6.3.1/thumb/v7e-m/fpv4-sp/hard/libgcc.a(_aeabi_uldivmod.o) (__udivmoddi4)
/home/chaoyu/Downloads/eclipse/plugins/fr.ac6.mcu.externaltools.arm-none.linux64_1.15.0.201708311556/tools/compiler/bin/../lib/gcc/arm-none-eabi/6.3.1/thumb/v7e-m/fpv4-sp/hard/libgcc.a(_dvmd_tls.o)
                              /home/chaoyu/Downloads/eclipse/plugins/fr.ac6.mcu.externaltools.arm-none.linux64_1.15.0.201708311556/tools/compiler/bin/../lib/gcc/arm-none-eabi/6.3.1/thumb/v7e-m/fpv4-sp/hard/libgcc.a(_aeabi_uldivmod.o) (__aeabi_ldiv0)
/home/chaoyu/Downloads/eclipse/plugins/fr.ac6.mcu.externaltools.arm-none.linux64_1.15.0.201708311556/tools/compiler/bin/../lib/gcc/arm-none-eabi/6.3.1/../../../../arm-none-eabi/lib/thumb/v7e-m/fpv4-sp/hard/libc_nano.a(lib_a-exit.o)
                              /home/chaoyu/Downloads/eclipse/plugins/fr.ac6.mcu.externaltools.arm-none.linux64_1.15.0.201708311556/tools/compiler/bin/../lib/gcc/arm-none-eabi/6.3.1/../../../../arm-none-eabi/lib/thumb/v7e-m/fpv4-sp/hard/crt0.o (exit)
/home/chaoyu/Downloads/eclipse/plugins/fr.ac6.mcu.externaltools.arm-none.linux64_1.15.0.201708311556/tools/compiler/bin/../lib/gcc/arm-none-eabi/6.3.1/../../../../arm-none-eabi/lib/thumb/v7e-m/fpv4-sp/hard/libc_nano.a(lib_a-impure.o)
                              /home/chaoyu/Downloads/eclipse/plugins/fr.ac6.mcu.externaltools.arm-none.linux64_1.15.0.201708311556/tools/compiler/bin/../lib/gcc/arm-none-eabi/6.3.1/../../../../arm-none-eabi/lib/thumb/v7e-m/fpv4-sp/hard/libc_nano.a(lib_a-exit.o) (_global_impure_ptr)
/home/chaoyu/Downloads/eclipse/plugins/fr.ac6.mcu.externaltools.arm-none.linux64_1.15.0.201708311556/tools/compiler/bin/../lib/gcc/arm-none-eabi/6.3.1/../../../../arm-none-eabi/lib/thumb/v7e-m/fpv4-sp/hard/libc_nano.a(lib_a-init.o)
                              /home/chaoyu/Downloads/eclipse/plugins/fr.ac6.mcu.externaltools.arm-none.linux64_1.15.0.201708311556/tools/compiler/bin/../lib/gcc/arm-none-eabi/6.3.1/../../../../arm-none-eabi/lib/thumb/v7e-m/fpv4-sp/hard/crt0.o (__libc_init_array)
/home/chaoyu/Downloads/eclipse/plugins/fr.ac6.mcu.externaltools.arm-none.linux64_1.15.0.201708311556/tools/compiler/bin/../lib/gcc/arm-none-eabi/6.3.1/../../../../arm-none-eabi/lib/thumb/v7e-m/fpv4-sp/hard/libc_nano.a(lib_a-memcpy-stub.o)
                              Middlewares/Third_Party/FreeRTOS/Source/queue.o (memcpy)
/home/chaoyu/Downloads/eclipse/plugins/fr.ac6.mcu.externaltools.arm-none.linux64_1.15.0.201708311556/tools/compiler/bin/../lib/gcc/arm-none-eabi/6.3.1/../../../../arm-none-eabi/lib/thumb/v7e-m/fpv4-sp/hard/libc_nano.a(lib_a-memset.o)
                              /home/chaoyu/Downloads/eclipse/plugins/fr.ac6.mcu.externaltools.arm-none.linux64_1.15.0.201708311556/tools/compiler/bin/../lib/gcc/arm-none-eabi/6.3.1/../../../../arm-none-eabi/lib/thumb/v7e-m/fpv4-sp/hard/crt0.o (memset)
/home/chaoyu/Downloads/eclipse/plugins/fr.ac6.mcu.externaltools.arm-none.linux64_1.15.0.201708311556/tools/compiler/bin/../lib/gcc/arm-none-eabi/6.3.1/../../../../arm-none-eabi/lib/thumb/v7e-m/fpv4-sp/hard/libc_nano.a(lib_a-vsprintf.o)
                              Src/usart.o (vsprintf)
/home/chaoyu/Downloads/eclipse/plugins/fr.ac6.mcu.externaltools.arm-none.linux64_1.15.0.201708311556/tools/compiler/bin/../lib/gcc/arm-none-eabi/6.3.1/../../../../arm-none-eabi/lib/thumb/v7e-m/fpv4-sp/hard/libc_nano.a(lib_a-nano-svfprintf.o)
                              /home/chaoyu/Downloads/eclipse/plugins/fr.ac6.mcu.externaltools.arm-none.linux64_1.15.0.201708311556/tools/compiler/bin/../lib/gcc/arm-none-eabi/6.3.1/../../../../arm-none-eabi/lib/thumb/v7e-m/fpv4-sp/hard/libc_nano.a(lib_a-vsprintf.o) (_svfprintf_r)
/home/chaoyu/Downloads/eclipse/plugins/fr.ac6.mcu.externaltools.arm-none.linux64_1.15.0.201708311556/tools/compiler/bin/../lib/gcc/arm-none-eabi/6.3.1/../../../../arm-none-eabi/lib/thumb/v7e-m/fpv4-sp/hard/libc_nano.a(lib_a-nano-vfprintf_i.o)
                              /home/chaoyu/Downloads/eclipse/plugins/fr.ac6.mcu.externaltools.arm-none.linux64_1.15.0.201708311556/tools/compiler/bin/../lib/gcc/arm-none-eabi/6.3.1/../../../../arm-none-eabi/lib/thumb/v7e-m/fpv4-sp/hard/libc_nano.a(lib_a-nano-svfprintf.o) (_printf_i)
[...]
Memory Configuration

Name             Origin             Length             Attributes
RAM              0x0000000020000000 0x0000000000018000 xrw
RAM2             0x0000000010000000 0x0000000000008000 xrw
FLASH            0x0000000008000000 0x0000000000100000 xr
*default*        0x0000000000000000 0xffffffffffffffff

Linker script and memory map

LOAD /home/chaoyu/Downloads/eclipse/plugins/fr.ac6.mcu.externaltools.arm-none.linux64_1.15.0.201708311556/tools/compiler/bin/../lib/gcc/arm-none-eabi/6.3.1/thumb/v7e-m/fpv4-sp/hard/crti.o
LOAD /home/chaoyu/Downloads/eclipse/plugins/fr.ac6.mcu.externaltools.arm-none.linux64_1.15.0.201708311556/tools/compiler/bin/../lib/gcc/arm-none-eabi/6.3.1/thumb/v7e-m/fpv4-sp/hard/crtbegin.o
LOAD /home/chaoyu/Downloads/eclipse/plugins/fr.ac6.mcu.externaltools.arm-none.linux64_1.15.0.201708311556/tools/compiler/bin/../lib/gcc/arm-none-eabi/6.3.1/../../../../arm-none-eabi/lib/thumb/v7e-m/fpv4-sp/hard/crt0.o
LOAD Drivers/STM32L4xx_HAL_Driver/Src/stm32l4xx_hal.o
LOAD Drivers/STM32L4xx_HAL_Driver/Src/stm32l4xx_hal_cortex.o
LOAD Drivers/STM32L4xx_HAL_Driver/Src/stm32l4xx_hal_dma.o
LOAD Drivers/STM32L4xx_HAL_Driver/Src/stm32l4xx_hal_dma_ex.o
LOAD Drivers/STM32L4xx_HAL_Driver/Src/stm32l4xx_hal_flash.o
LOAD Drivers/STM32L4xx_HAL_Driver/Src/stm32l4xx_hal_flash_ex.o
LOAD Drivers/STM32L4xx_HAL_Driver/Src/stm32l4xx_hal_flash_ramfunc.o
LOAD Drivers/STM32L4xx_HAL_Driver/Src/stm32l4xx_hal_gpio.o
LOAD Drivers/STM32L4xx_HAL_Driver/Src/stm32l4xx_hal_i2c.o
LOAD Drivers/STM32L4xx_HAL_Driver/Src/stm32l4xx_hal_i2c_ex.o
LOAD Drivers/STM32L4xx_HAL_Driver/Src/stm32l4xx_hal_lcd.o
LOAD Drivers/STM32L4xx_HAL_Driver/Src/stm32l4xx_hal_pwr.o
LOAD Drivers/STM32L4xx_HAL_Driver/Src/stm32l4xx_hal_pwr_ex.o
LOAD Drivers/STM32L4xx_HAL_Driver/Src/stm32l4xx_hal_rcc.o
LOAD Drivers/STM32L4xx_HAL_Driver/Src/stm32l4xx_hal_rcc_ex.o
LOAD Drivers/STM32L4xx_HAL_Driver/Src/stm32l4xx_hal_tim.o
LOAD Drivers/STM32L4xx_HAL_Driver/Src/stm32l4xx_hal_tim_ex.o
LOAD Drivers/STM32L4xx_HAL_Driver/Src/stm32l4xx_hal_uart.o
LOAD Drivers/STM32L4xx_HAL_Driver/Src/stm32l4xx_hal_uart_ex.o
LOAD Middlewares/Third_Party/FreeRTOS/Source/CMSIS_RTOS/cmsis_os.o
LOAD Middlewares/Third_Party/FreeRTOS/Source/croutine.o
LOAD Middlewares/Third_Party/FreeRTOS/Source/event_groups.o
LOAD Middlewares/Third_Party/FreeRTOS/Source/list.o
LOAD Middlewares/Third_Party/FreeRTOS/Source/queue.o
LOAD Middlewares/Third_Party/FreeRTOS/Source/tasks.o
LOAD Middlewares/Third_Party/FreeRTOS/Source/timers.o
LOAD Middlewares/Third_Party/FreeRTOS/Source/portable/GCC/ARM_CM4F/port.o
LOAD Middlewares/Third_Party/FreeRTOS/Source/portable/MemMang/heap_4.o
LOAD Src/freertos.o
LOAD Src/gpio.o
LOAD Src/main.o
LOAD Src/stm32l476g_discovery_glass_lcd.o
LOAD Src/stm32l4xx_hal_msp.o
LOAD Src/stm32l4xx_it.o
LOAD Src/system_stm32l4xx.o
LOAD Src/usart.o
LOAD startup/startup_stm32l476xx.o
LOAD /home/chaoyu/Downloads/eclipse/plugins/fr.ac6.mcu.externaltools.arm-none.linux64_1.15.0.201708311556/tools/compiler/bin/../lib/gcc/arm-none-eabi/6.3.1/../../../../arm-none-eabi/lib/thumb/v7e-m/fpv4-sp/hard/libm.a
START GROUP
LOAD /home/chaoyu/Downloads/eclipse/plugins/fr.ac6.mcu.externaltools.arm-none.linux64_1.15.0.201708311556/tools/compiler/bin/../lib/gcc/arm-none-eabi/6.3.1/thumb/v7e-m/fpv4-sp/hard/libgcc.a
LOAD /home/chaoyu/Downloads/eclipse/plugins/fr.ac6.mcu.externaltools.arm-none.linux64_1.15.0.201708311556/tools/compiler/bin/../lib/gcc/arm-none-eabi/6.3.1/../../../../arm-none-eabi/lib/thumb/v7e-m/fpv4-sp/hard/libc_nano.a
END GROUP
START GROUP
LOAD /home/chaoyu/Downloads/eclipse/plugins/fr.ac6.mcu.externaltools.arm-none.linux64_1.15.0.201708311556/tools/compiler/bin/../lib/gcc/arm-none-eabi/6.3.1/thumb/v7e-m/fpv4-sp/hard/libgcc.a
LOAD /home/chaoyu/Downloads/eclipse/plugins/fr.ac6.mcu.externaltools.arm-none.linux64_1.15.0.201708311556/tools/compiler/bin/../lib/gcc/arm-none-eabi/6.3.1/../../../../arm-none-eabi/lib/thumb/v7e-m/fpv4-sp/hard/libc_nano.a
LOAD /home/chaoyu/Downloads/eclipse/plugins/fr.ac6.mcu.externaltools.arm-none.linux64_1.15.0.201708311556/tools/compiler/bin/../lib/gcc/arm-none-eabi/6.3.1/../../../../arm-none-eabi/lib/thumb/v7e-m/fpv4-sp/hard/libnosys.a
END GROUP
START GROUP
LOAD /home/chaoyu/Downloads/eclipse/plugins/fr.ac6.mcu.externaltools.arm-none.linux64_1.15.0.201708311556/tools/compiler/bin/../lib/gcc/arm-none-eabi/6.3.1/thumb/v7e-m/fpv4-sp/hard/libgcc.a
LOAD /home/chaoyu/Downloads/eclipse/plugins/fr.ac6.mcu.externaltools.arm-none.linux64_1.15.0.201708311556/tools/compiler/bin/../lib/gcc/arm-none-eabi/6.3.1/../../../../arm-none-eabi/lib/thumb/v7e-m/fpv4-sp/hard/libc_nano.a
LOAD /home/chaoyu/Downloads/eclipse/plugins/fr.ac6.mcu.externaltools.arm-none.linux64_1.15.0.201708311556/tools/compiler/bin/../lib/gcc/arm-none-eabi/6.3.1/../../../../arm-none-eabi/lib/thumb/v7e-m/fpv4-sp/hard/libnosys.a
END GROUP
LOAD /home/chaoyu/Downloads/eclipse/plugins/fr.ac6.mcu.externaltools.arm-none.linux64_1.15.0.201708311556/tools/compiler/bin/../lib/gcc/arm-none-eabi/6.3.1/thumb/v7e-m/fpv4-sp/hard/crtend.o
LOAD /home/chaoyu/Downloads/eclipse/plugins/fr.ac6.mcu.externaltools.arm-none.linux64_1.15.0.201708311556/tools/compiler/bin/../lib/gcc/arm-none-eabi/6.3.1/thumb/v7e-m/fpv4-sp/hard/crtn.o
                0x0000000020018000                _estack = 0x20018000
                0x0000000000000200                _Min_Heap_Size = 0x200
                0x0000000000000400                _Min_Stack_Size = 0x400

.isr_vector     0x0000000008000000      0x188
                0x0000000008000000                . = ALIGN (0x8)
 *(.isr_vector)
 .isr_vector    0x0000000008000000      0x188 startup/startup_stm32l476xx.o
                0x0000000008000000                g_pfnVectors
                0x0000000008000188                . = ALIGN (0x8)

.text           0x0000000008000190     0x5180
                0x0000000008000190                . = ALIGN (0x8)
 *(.text)
 .text          0x0000000008000190       0x6c /home/chaoyu/Downloads/eclipse/plugins/fr.ac6.mcu.externaltools.arm-none.linux64_1.15.0.201708311556/tools/compiler/bin/../lib/gcc/arm-none-eabi/6.3.1/thumb/v7e-m/fpv4-sp/hard/crtbegin.o
 .text          0x00000000080001fc       0x30 /home/chaoyu/Downloads/eclipse/plugins/fr.ac6.mcu.externaltools.arm-none.linux64_1.15.0.201708311556/tools/compiler/bin/../lib/gcc/arm-none-eabi/6.3.1/thumb/v7e-m/fpv4-sp/hard/libgcc.a(_aeabi_uldivmod.o)
                0x00000000080001fc                __aeabi_uldivmod
 .text          0x000000000800022c      0x2dc /home/chaoyu/Downloads/eclipse/plugins/fr.ac6.mcu.externaltools.arm-none.linux64_1.15.0.201708311556/tools/compiler/bin/../lib/gcc/arm-none-eabi/6.3.1/thumb/v7e-m/fpv4-sp/hard/libgcc.a(_udivmoddi4.o)
                0x000000000800022c                __udivmoddi4
 .text          0x0000000008000508        0x4 /home/chaoyu/Downloads/eclipse/plugins/fr.ac6.mcu.externaltools.arm-none.linux64_1.15.0.201708311556/tools/compiler/bin/../lib/gcc/arm-none-eabi/6.3.1/thumb/v7e-m/fpv4-sp/hard/libgcc.a(_dvmd_tls.o)
                0x0000000008000508                __aeabi_ldiv0
                0x0000000008000508                __aeabi_idiv0
 *fill*         0x000000000800050c        0x4 
 .text          0x0000000008000510       0xa0 /home/chaoyu/Downloads/eclipse/plugins/fr.ac6.mcu.externaltools.arm-none.linux64_1.15.0.201708311556/tools/compiler/bin/../lib/gcc/arm-none-eabi/6.3.1/../../../../arm-none-eabi/lib/thumb/v7e-m/fpv4-sp/hard/libc_nano.a(lib_a-memchr.o)
                0x0000000008000510                memchr
 *(.text*)
 .text.HAL_InitTick
                0x00000000080005b0       0x2c Drivers/STM32L4xx_HAL_Driver/Src/stm32l4xx_hal.o
                0x00000000080005b0                HAL_InitTick
 .text.HAL_Init
                0x00000000080005dc       0x24 Drivers/STM32L4xx_HAL_Driver/Src/stm32l4xx_hal.o
                0x00000000080005dc                HAL_Init
 .text.HAL_IncTick
                0x0000000008000600       0x10 Drivers/STM32L4xx_HAL_Driver/Src/stm32l4xx_hal.o
                0x0000000008000600                HAL_IncTick
 .text.HAL_GetTick
                0x0000000008000610        0xc Drivers/STM32L4xx_HAL_Driver/Src/stm32l4xx_hal.o
                0x0000000008000610                HAL_GetTick
 .text.HAL_Delay
                0x000000000800061c       0x1e Drivers/STM32L4xx_HAL_Driver/Src/stm32l4xx_hal.o
                0x000000000800061c                HAL_Delay
 *fill*         0x000000000800063a        0x2 
 .text.HAL_NVIC_SetPriorityGrouping
                0x000000000800063c       0x3c Drivers/STM32L4xx_HAL_Driver/Src/stm32l4xx_hal_cortex.o
                0x000000000800063c                HAL_NVIC_SetPriorityGrouping
 .text.HAL_NVIC_SetPriority
                0x0000000008000678       0x88 Drivers/STM32L4xx_HAL_Driver/Src/stm32l4xx_hal_cortex.o
                0x0000000008000678                HAL_NVIC_SetPriority
 .text.HAL_SYSTICK_Config
                0x0000000008000700       0x2c Drivers/STM32L4xx_HAL_Driver/Src/stm32l4xx_hal_cortex.o
                0x0000000008000700                HAL_SYSTICK_Config
 .text.HAL_SYSTICK_CLKSourceConfig
                0x000000000800072c       0x3c Drivers/STM32L4xx_HAL_Driver/Src/stm32l4xx_hal_cortex.o
                0x000000000800072c                HAL_SYSTICK_CLKSourceConfig
 .text.HAL_GPIO_Init
                0x0000000008000768      0x31c Drivers/STM32L4xx_HAL_Driver/Src/stm32l4xx_hal_gpio.o
                0x0000000008000768                HAL_GPIO_Init
 .text.HAL_GPIO_WritePin
                0x0000000008000a84       0x34 Drivers/STM32L4xx_HAL_Driver/Src/stm32l4xx_hal_gpio.o
                0x0000000008000a84                HAL_GPIO_WritePin
 .text.HAL_LCD_MspInit
                0x0000000008000ab8        0x2 Drivers/STM32L4xx_HAL_Driver/Src/stm32l4xx_hal_lcd.o
                0x0000000008000ab8                HAL_LCD_MspInit
 *fill*         0x0000000008000aba        0x2 
 .text.HAL_LCD_Write
                0x0000000008000abc       0xa4 Drivers/STM32L4xx_HAL_Driver/Src/stm32l4xx_hal_lcd.o
                0x0000000008000abc                HAL_LCD_Write
 .text.HAL_LCD_UpdateDisplayRequest
                0x0000000008000b60       0x4c Drivers/STM32L4xx_HAL_Driver/Src/stm32l4xx_hal_lcd.o
                0x0000000008000b60                HAL_LCD_UpdateDisplayRequest
 .text.HAL_LCD_Clear
                0x0000000008000bac       0x7a Drivers/STM32L4xx_HAL_Driver/Src/stm32l4xx_hal_lcd.o
                0x0000000008000bac                HAL_LCD_Clear
 .text.LCD_WaitForSynchro
                0x0000000008000c26       0x2c Drivers/STM32L4xx_HAL_Driver/Src/stm32l4xx_hal_lcd.o
                0x0000000008000c26                LCD_WaitForSynchro
 *fill*         0x0000000008000c52        0x2 
 .text.HAL_LCD_Init
                0x0000000008000c54      0x330 Drivers/STM32L4xx_HAL_Driver/Src/stm32l4xx_hal_lcd.o
                0x0000000008000c54                HAL_LCD_Init
 .text.HAL_PWREx_GetVoltageRange
                0x0000000008000f84       0x10 Drivers/STM32L4xx_HAL_Driver/Src/stm32l4xx_hal_pwr_ex.o
                0x0000000008000f84                HAL_PWREx_GetVoltageRange
 .text.HAL_PWREx_ControlVoltageScaling
                0x0000000008000f94       0xac Drivers/STM32L4xx_HAL_Driver/Src/stm32l4xx_hal_pwr_ex.o
                0x0000000008000f94                HAL_PWREx_ControlVoltageScaling
 .text.RCC_SetFlashLatencyFromMSIRange
                0x0000000008001040       0x90 Drivers/STM32L4xx_HAL_Driver/Src/stm32l4xx_hal_rcc.o
 .text.HAL_RCC_GetSysClockFreq
                0x00000000080010d0      0x100 Drivers/STM32L4xx_HAL_Driver/Src/stm32l4xx_hal_rcc.o
                0x00000000080010d0                HAL_RCC_GetSysClockFreq
 .text.HAL_RCC_OscConfig
                0x00000000080011d0      0x718 Drivers/STM32L4xx_HAL_Driver/Src/stm32l4xx_hal_rcc.o
                0x00000000080011d0                HAL_RCC_OscConfig
 .text.HAL_RCC_ClockConfig
                0x00000000080018e8      0x270 Drivers/STM32L4xx_HAL_Driver/Src/stm32l4xx_hal_rcc.o
                0x00000000080018e8                HAL_RCC_ClockConfig
 .text.HAL_RCC_GetHCLKFreq
                0x0000000008001b58        0xc Drivers/STM32L4xx_HAL_Driver/Src/stm32l4xx_hal_rcc.o
                0x0000000008001b58                HAL_RCC_GetHCLKFreq
 .text.HAL_RCC_GetPCLK1Freq
                0x0000000008001b64       0x20 Drivers/STM32L4xx_HAL_Driver/Src/stm32l4xx_hal_rcc.o
                0x0000000008001b64                HAL_RCC_GetPCLK1Freq
 .text.HAL_RCC_GetPCLK2Freq
                0x0000000008001b84       0x20 Drivers/STM32L4xx_HAL_Driver/Src/stm32l4xx_hal_rcc.o
                0x0000000008001b84                HAL_RCC_GetPCLK2Freq
 .text.RCCEx_PLLSAI1_Config
                0x0000000008001ba4      0x22c Drivers/STM32L4xx_HAL_Driver/Src/stm32l4xx_hal_rcc_ex.o
 .text.RCCEx_PLLSAI2_Config
                0x0000000008001dd0      0x1ec Drivers/STM32L4xx_HAL_Driver/Src/stm32l4xx_hal_rcc_ex.o
 .text.HAL_RCCEx_PeriphCLKConfig
                0x0000000008001fbc      0x6c8 Drivers/STM32L4xx_HAL_Driver/Src/stm32l4xx_hal_rcc_ex.o
                0x0000000008001fbc                HAL_RCCEx_PeriphCLKConfig
 .text.UART_SetConfig
                0x0000000008002684      0x508 Drivers/STM32L4xx_HAL_Driver/Src/stm32l4xx_hal_uart.o
                0x0000000008002684                UART_SetConfig
 .text.UART_AdvFeatureConfig
                0x0000000008002b8c      0x1dc Drivers/STM32L4xx_HAL_Driver/Src/stm32l4xx_hal_uart.o
                0x0000000008002b8c                UART_AdvFeatureConfig
 .text.UART_WaitOnFlagUntilTimeout
                0x0000000008002d68       0x64 Drivers/STM32L4xx_HAL_Driver/Src/stm32l4xx_hal_uart.o
                0x0000000008002d68                UART_WaitOnFlagUntilTimeout
 .text.HAL_UART_Transmit
                0x0000000008002dcc       0xd0 Drivers/STM32L4xx_HAL_Driver/Src/stm32l4xx_hal_uart.o
                0x0000000008002dcc                HAL_UART_Transmit
 .text.UART_CheckIdleState
                0x0000000008002e9c       0x70 Drivers/STM32L4xx_HAL_Driver/Src/stm32l4xx_hal_uart.o
                0x0000000008002e9c                UART_CheckIdleState
 .text.HAL_UART_Init
                0x0000000008002f0c       0xf4 Drivers/STM32L4xx_HAL_Driver/Src/stm32l4xx_hal_uart.o
                0x0000000008002f0c                HAL_UART_Init
 .text.makeFreeRtosPriority
                0x0000000008003000        0xc Middlewares/Third_Party/FreeRTOS/Source/CMSIS_RTOS/cmsis_os.o
 .text.osKernelStart
                0x000000000800300c        0xa Middlewares/Third_Party/FreeRTOS/Source/CMSIS_RTOS/cmsis_os.o
                0x000000000800300c                osKernelStart
 .text.osThreadCreate
                0x0000000008003016       0x34 Middlewares/Third_Party/FreeRTOS/Source/CMSIS_RTOS/cmsis_os.o
                0x0000000008003016                osThreadCreate
 .text.osDelay  0x000000000800304a       0x12 Middlewares/Third_Party/FreeRTOS/Source/CMSIS_RTOS/cmsis_os.o
                0x000000000800304a                osDelay
 .text.osSystickHandler
                0x000000000800305c       0x10 Middlewares/Third_Party/FreeRTOS/Source/CMSIS_RTOS/cmsis_os.o
                0x000000000800305c                osSystickHandler
 .text.vListInitialise
                0x000000000800306c       0x16 Middlewares/Third_Party/FreeRTOS/Source/list.o
                0x000000000800306c                vListInitialise
 .text.vListInitialiseItem
                0x0000000008003082        0x6 Middlewares/Third_Party/FreeRTOS/Source/list.o
                0x0000000008003082                vListInitialiseItem
 .text.vListInsertEnd
                0x0000000008003088       0x18 Middlewares/Third_Party/FreeRTOS/Source/list.o
                0x0000000008003088                vListInsertEnd
 .text.vListInsert
                0x00000000080030a0       0x34 Middlewares/Third_Party/FreeRTOS/Source/list.o
                0x00000000080030a0                vListInsert
 .text.uxListRemove
                0x00000000080030d4       0x26 Middlewares/Third_Party/FreeRTOS/Source/list.o
                0x00000000080030d4                uxListRemove
 *fill*         0x00000000080030fa        0x2 
 .text.prvResetNextTaskUnblockTime
                0x00000000080030fc       0x2c Middlewares/Third_Party/FreeRTOS/Source/tasks.o
 .text.prvDeleteTCB
                0x0000000008003128       0x12 Middlewares/Third_Party/FreeRTOS/Source/tasks.o
 .text.prvInitialiseNewTask
                0x000000000800313a       0x80 Middlewares/Third_Party/FreeRTOS/Source/tasks.o
 *fill*         0x00000000080031ba        0x2 
 .text.prvInitialiseTaskLists
                0x00000000080031bc       0x58 Middlewares/Third_Party/FreeRTOS/Source/tasks.o
 .text.prvAddNewTaskToReadyList
                0x0000000008003214       0xac Middlewares/Third_Party/FreeRTOS/Source/tasks.o
 .text.prvAddCurrentTaskToDelayedList
                0x00000000080032c0       0x88 Middlewares/Third_Party/FreeRTOS/Source/tasks.o
 .text.xTaskCreate
                0x0000000008003348       0x62 Middlewares/Third_Party/FreeRTOS/Source/tasks.o
                0x0000000008003348                xTaskCreate
 *fill*         0x00000000080033aa        0x2 
 .text.vTaskStartScheduler
                0x00000000080033ac       0x74 Middlewares/Third_Party/FreeRTOS/Source/tasks.o
                0x00000000080033ac                vTaskStartScheduler
 .text.vTaskSuspendAll
                0x0000000008003420       0x14 Middlewares/Third_Party/FreeRTOS/Source/tasks.o
                0x0000000008003420                vTaskSuspendAll
 .text.xTaskIncrementTick
                0x0000000008003434      0x114 Middlewares/Third_Party/FreeRTOS/Source/tasks.o
                0x0000000008003434                xTaskIncrementTick
 .text.xTaskResumeAll
                0x0000000008003548       0xf4 Middlewares/Third_Party/FreeRTOS/Source/tasks.o
                0x0000000008003548                xTaskResumeAll
 .text.vTaskDelay
                0x000000000800363c       0x50 Middlewares/Third_Party/FreeRTOS/Source/tasks.o
                0x000000000800363c                vTaskDelay
 .text.prvCheckTasksWaitingTermination
                0x000000000800368c       0x54 Middlewares/Third_Party/FreeRTOS/Source/tasks.o
 .text.prvIdleTask
                0x00000000080036e0       0x28 Middlewares/Third_Party/FreeRTOS/Source/tasks.o
 .text.vTaskSwitchContext
                0x0000000008003708       0x90 Middlewares/Third_Party/FreeRTOS/Source/tasks.o
                0x0000000008003708                vTaskSwitchContext
 .text.xTaskGetSchedulerState
                0x0000000008003798       0x20 Middlewares/Third_Party/FreeRTOS/Source/tasks.o
                0x0000000008003798                xTaskGetSchedulerState
 .text.prvTaskExitError
                0x00000000080037b8       0x34 Middlewares/Third_Party/FreeRTOS/Source/portable/GCC/ARM_CM4F/port.o
 .text.prvPortStartFirstTask
                0x00000000080037ec       0x20 Middlewares/Third_Party/FreeRTOS/Source/portable/GCC/ARM_CM4F/port.o
 .text.vPortEnableVFP
                0x000000000800380c       0x14 Middlewares/Third_Party/FreeRTOS/Source/portable/GCC/ARM_CM4F/port.o
 .text.pxPortInitialiseStack
                0x0000000008003820       0x2c Middlewares/Third_Party/FreeRTOS/Source/portable/GCC/ARM_CM4F/port.o
                0x0000000008003820                pxPortInitialiseStack
 *fill*         0x000000000800384c        0x4 
 .text.SVC_Handler
                0x0000000008003850       0x24 Middlewares/Third_Party/FreeRTOS/Source/portable/GCC/ARM_CM4F/port.o
                0x0000000008003850                SVC_Handler
 .text.vPortEnterCritical
                0x0000000008003874       0x44 Middlewares/Third_Party/FreeRTOS/Source/portable/GCC/ARM_CM4F/port.o
                0x0000000008003874                vPortEnterCritical
 .text.vPortExitCritical
                0x00000000080038b8       0x2c Middlewares/Third_Party/FreeRTOS/Source/portable/GCC/ARM_CM4F/port.o
                0x00000000080038b8                vPortExitCritical
 *fill*         0x00000000080038e4        0xc 
 .text.PendSV_Handler
                0x00000000080038f0       0x64 Middlewares/Third_Party/FreeRTOS/Source/portable/GCC/ARM_CM4F/port.o
                0x00000000080038f0                PendSV_Handler
 .text.xPortSysTickHandler
                0x0000000008003954       0x2c Middlewares/Third_Party/FreeRTOS/Source/portable/GCC/ARM_CM4F/port.o
                0x0000000008003954                xPortSysTickHandler
 .text.vPortSetupTimerInterrupt
                0x0000000008003980       0x2c Middlewares/Third_Party/FreeRTOS/Source/portable/GCC/ARM_CM4F/port.o
                0x0000000008003980                vPortSetupTimerInterrupt
 .text.xPortStartScheduler
                0x00000000080039ac       0xe8 Middlewares/Third_Party/FreeRTOS/Source/portable/GCC/ARM_CM4F/port.o
                0x00000000080039ac                xPortStartScheduler
 .text.prvHeapInit
                0x0000000008003a94       0x58 Middlewares/Third_Party/FreeRTOS/Source/portable/MemMang/heap_4.o
 .text.prvInsertBlockIntoFreeList
                0x0000000008003aec       0x58 Middlewares/Third_Party/FreeRTOS/Source/portable/MemMang/heap_4.o
 .text.pvPortMalloc
                0x0000000008003b44      0x10c Middlewares/Third_Party/FreeRTOS/Source/portable/MemMang/heap_4.o
                0x0000000008003b44                pvPortMalloc
 .text.vPortFree
                0x0000000008003c50       0x70 Middlewares/Third_Party/FreeRTOS/Source/portable/MemMang/heap_4.o
                0x0000000008003c50                vPortFree
 .text.StartDefaultTask
                0x0000000008003cc0        0xa Src/freertos.o
                0x0000000008003cc0                StartDefaultTask
 *fill*         0x0000000008003cca        0x2 
 .text.MX_FREERTOS_Init
                0x0000000008003ccc       0x28 Src/freertos.o
                0x0000000008003ccc                MX_FREERTOS_Init
 .text.MX_GPIO_Init
                0x0000000008003cf4      0x294 Src/gpio.o
                0x0000000008003cf4                MX_GPIO_Init
 .text._Error_Handler
                0x0000000008003f88        0x2 Src/main.o
                0x0000000008003f88                _Error_Handler
 *fill*         0x0000000008003f8a        0x2 
 .text.SystemClock_Config
                0x0000000008003f8c       0xa8 Src/main.o
                0x0000000008003f8c                SystemClock_Config
 .text.main     0x0000000008004034       0x5c Src/main.o
                0x0000000008004034                main
 .text.assert_failed
                0x0000000008004090        0x2 Src/main.o
                0x0000000008004090                assert_failed
 *fill*         0x0000000008004092        0x2 
 .text.Convert  0x0000000008004094      0x10c Src/stm32l476g_discovery_glass_lcd.o
 .text.LCD_MspInit
                0x00000000080041a0      0x11c Src/stm32l476g_discovery_glass_lcd.o
 .text.WriteChar
                0x00000000080042bc      0x514 Src/stm32l476g_discovery_glass_lcd.o
 .text.BSP_LCD_GLASS_DisplayChar
                0x00000000080047d0       0x14 Src/stm32l476g_discovery_glass_lcd.o
                0x00000000080047d0                BSP_LCD_GLASS_DisplayChar
 .text.BSP_LCD_GLASS_Clear
                0x00000000080047e4       0x10 Src/stm32l476g_discovery_glass_lcd.o
                0x00000000080047e4                BSP_LCD_GLASS_Clear
 .text.BSP_LCD_GLASS_Init
                0x00000000080047f4       0x4c Src/stm32l476g_discovery_glass_lcd.o
                0x00000000080047f4                BSP_LCD_GLASS_Init
 .text.HAL_MspInit
                0x0000000008004840       0x90 Src/stm32l4xx_hal_msp.o
                0x0000000008004840                HAL_MspInit
 .text.SysTick_Handler
                0x00000000080048d0        0xc Src/stm32l4xx_it.o
                0x00000000080048d0                SysTick_Handler
 .text.SystemInit
                0x00000000080048dc       0x48 Src/system_stm32l4xx.o
                0x00000000080048dc                SystemInit
 .text.MX_USART2_UART_Init
                0x0000000008004924       0x40 Src/usart.o
                0x0000000008004924                MX_USART2_UART_Init
 .text.HAL_UART_MspInit
                0x0000000008004964       0x50 Src/usart.o
                0x0000000008004964                HAL_UART_MspInit
 .text.TRACE    0x00000000080049b4       0x40 Src/usart.o
                0x00000000080049b4                TRACE
 .text.Reset_Handler
                0x00000000080049f4       0x50 startup/startup_stm32l476xx.o
                0x00000000080049f4                Reset_Handler
 .text.Default_Handler
                0x0000000008004a44        0x2 startup/startup_stm32l476xx.o
                0x0000000008004a44                RTC_Alarm_IRQHandler
                0x0000000008004a44                EXTI2_IRQHandler
                0x0000000008004a44                TIM8_TRG_COM_IRQHandler
                0x0000000008004a44                TIM8_CC_IRQHandler
                0x0000000008004a44                DebugMon_Handler
                0x0000000008004a44                TIM1_CC_IRQHandler
                0x0000000008004a44                TSC_IRQHandler
                0x0000000008004a44                HardFault_Handler
                0x0000000008004a44                TAMP_STAMP_IRQHandler
                0x0000000008004a44                NMI_Handler
                0x0000000008004a44                EXTI3_IRQHandler
                0x0000000008004a44                LPTIM2_IRQHandler
                0x0000000008004a44                DFSDM1_FLT1_IRQHandler
                0x0000000008004a44                I2C3_ER_IRQHandler
                0x0000000008004a44                DFSDM1_FLT2_IRQHandler
                0x0000000008004a44                EXTI0_IRQHandler
                0x0000000008004a44                I2C2_EV_IRQHandler
                0x0000000008004a44                CAN1_RX0_IRQHandler
                0x0000000008004a44                FPU_IRQHandler
                0x0000000008004a44                TIM1_UP_TIM16_IRQHandler
                0x0000000008004a44                UsageFault_Handler
                0x0000000008004a44                ADC1_2_IRQHandler
                0x0000000008004a44                SPI1_IRQHandler
                0x0000000008004a44                TIM6_DAC_IRQHandler
                0x0000000008004a44                TIM8_UP_IRQHandler
                0x0000000008004a44                DMA2_Channel2_IRQHandler
                0x0000000008004a44                DMA1_Channel4_IRQHandler
                0x0000000008004a44                SAI2_IRQHandler
                0x0000000008004a44                DFSDM1_FLT3_IRQHandler
                0x0000000008004a44                USART3_IRQHandler
                0x0000000008004a44                DMA1_Channel7_IRQHandler
                0x0000000008004a44                CAN1_RX1_IRQHandler
                0x0000000008004a44                LCD_IRQHandler
                0x0000000008004a44                UART5_IRQHandler
                0x0000000008004a44                ADC3_IRQHandler
                0x0000000008004a44                TIM4_IRQHandler
                0x0000000008004a44                DMA2_Channel1_IRQHandler
                0x0000000008004a44                QUADSPI_IRQHandler
                0x0000000008004a44                I2C1_EV_IRQHandler
                0x0000000008004a44                DMA1_Channel6_IRQHandler
                0x0000000008004a44                UART4_IRQHandler
                0x0000000008004a44                DMA2_Channel4_IRQHandler
                0x0000000008004a44                TIM3_IRQHandler
                0x0000000008004a44                RCC_IRQHandler
                0x0000000008004a44                DMA1_Channel1_IRQHandler
                0x0000000008004a44                Default_Handler
                0x0000000008004a44                DMA2_Channel7_IRQHandler
                0x0000000008004a44                EXTI15_10_IRQHandler
                0x0000000008004a44                TIM7_IRQHandler
                0x0000000008004a44                SDMMC1_IRQHandler
                0x0000000008004a44                TIM5_IRQHandler
                0x0000000008004a44                I2C3_EV_IRQHandler
                0x0000000008004a44                EXTI9_5_IRQHandler
                0x0000000008004a44                RTC_WKUP_IRQHandler
                0x0000000008004a44                PVD_PVM_IRQHandler
                0x0000000008004a44                SPI2_IRQHandler
                0x0000000008004a44                MemManage_Handler
                0x0000000008004a44                CAN1_TX_IRQHandler
                0x0000000008004a44                DMA2_Channel5_IRQHandler
                0x0000000008004a44                DMA1_Channel5_IRQHandler
                0x0000000008004a44                EXTI4_IRQHandler
                0x0000000008004a44                RNG_IRQHandler
                0x0000000008004a44                TIM1_TRG_COM_TIM17_IRQHandler
                0x0000000008004a44                DMA1_Channel3_IRQHandler
                0x0000000008004a44                COMP_IRQHandler
                0x0000000008004a44                WWDG_IRQHandler
                0x0000000008004a44                LPUART1_IRQHandler
                0x0000000008004a44                DMA2_Channel6_IRQHandler
                0x0000000008004a44                TIM2_IRQHandler
                0x0000000008004a44                EXTI1_IRQHandler
                0x0000000008004a44                USART2_IRQHandler
                0x0000000008004a44                DFSDM1_FLT0_IRQHandler
                0x0000000008004a44                I2C2_ER_IRQHandler
                0x0000000008004a44                DMA1_Channel2_IRQHandler
                0x0000000008004a44                TIM8_BRK_IRQHandler
                0x0000000008004a44                CAN1_SCE_IRQHandler
                0x0000000008004a44                FLASH_IRQHandler
                0x0000000008004a44                BusFault_Handler
                0x0000000008004a44                USART1_IRQHandler
                0x0000000008004a44                OTG_FS_IRQHandler
                0x0000000008004a44                SPI3_IRQHandler
                0x0000000008004a44                I2C1_ER_IRQHandler
                0x0000000008004a44                FMC_IRQHandler
                0x0000000008004a44                SWPMI1_IRQHandler
                0x0000000008004a44                LPTIM1_IRQHandler
                0x0000000008004a44                SAI1_IRQHandler
                0x0000000008004a44                DMA2_Channel3_IRQHandler
                0x0000000008004a44                TIM1_BRK_TIM15_IRQHandler
 *fill*         0x0000000008004a46        0x2 
 .text.__libc_init_array
                0x0000000008004a48       0x48 /home/chaoyu/Downloads/eclipse/plugins/fr.ac6.mcu.externaltools.arm-none.linux64_1.15.0.201708311556/tools/compiler/bin/../lib/gcc/arm-none-eabi/6.3.1/../../../../arm-none-eabi/lib/thumb/v7e-m/fpv4-sp/hard/libc_nano.a(lib_a-init.o)
                0x0000000008004a48                __libc_init_array
 .text.memcpy   0x0000000008004a90       0x16 /home/chaoyu/Downloads/eclipse/plugins/fr.ac6.mcu.externaltools.arm-none.linux64_1.15.0.201708311556/tools/compiler/bin/../lib/gcc/arm-none-eabi/6.3.1/../../../../arm-none-eabi/lib/thumb/v7e-m/fpv4-sp/hard/libc_nano.a(lib_a-memcpy-stub.o)
                0x0000000008004a90                memcpy
 .text.memset   0x0000000008004aa6       0x10 /home/chaoyu/Downloads/eclipse/plugins/fr.ac6.mcu.externaltools.arm-none.linux64_1.15.0.201708311556/tools/compiler/bin/../lib/gcc/arm-none-eabi/6.3.1/../../../../arm-none-eabi/lib/thumb/v7e-m/fpv4-sp/hard/libc_nano.a(lib_a-memset.o)
                0x0000000008004aa6                memset
 .text._vsprintf_r
                0x0000000008004ab6       0x30 /home/chaoyu/Downloads/eclipse/plugins/fr.ac6.mcu.externaltools.arm-none.linux64_1.15.0.201708311556/tools/compiler/bin/../lib/gcc/arm-none-eabi/6.3.1/../../../../arm-none-eabi/lib/thumb/v7e-m/fpv4-sp/hard/libc_nano.a(lib_a-vsprintf.o)
                0x0000000008004ab6                _vsiprintf_r
                0x0000000008004ab6                _vsprintf_r
 *fill*         0x0000000008004ae6        0x2 
 .text.vsprintf
                0x0000000008004ae8       0x14 /home/chaoyu/Downloads/eclipse/plugins/fr.ac6.mcu.externaltools.arm-none.linux64_1.15.0.201708311556/tools/compiler/bin/../lib/gcc/arm-none-eabi/6.3.1/../../../../arm-none-eabi/lib/thumb/v7e-m/fpv4-sp/hard/libc_nano.a(lib_a-vsprintf.o)
                0x0000000008004ae8                vsprintf
                0x0000000008004ae8                vsiprintf
 .text.__ssputs_r
                0x0000000008004afc       0xb6 /home/chaoyu/Downloads/eclipse/plugins/fr.ac6.mcu.externaltools.arm-none.linux64_1.15.0.201708311556/tools/compiler/bin/../lib/gcc/arm-none-eabi/6.3.1/../../../../arm-none-eabi/lib/thumb/v7e-m/fpv4-sp/hard/libc_nano.a(lib_a-nano-svfprintf.o)
                0x0000000008004afc                __ssputs_r
 *fill*         0x0000000008004bb2        0x2 
 .text._svfprintf_r
                0x0000000008004bb4      0x1e8 /home/chaoyu/Downloads/eclipse/plugins/fr.ac6.mcu.externaltools.arm-none.linux64_1.15.0.201708311556/tools/compiler/bin/../lib/gcc/arm-none-eabi/6.3.1/../../../../arm-none-eabi/lib/thumb/v7e-m/fpv4-sp/hard/libc_nano.a(lib_a-nano-svfprintf.o)
                0x0000000008004bb4                _svfprintf_r
                0x0000000008004bb4                _svfiprintf_r
 .text._printf_common
                0x0000000008004d9c       0xec /home/chaoyu/Downloads/eclipse/plugins/fr.ac6.mcu.externaltools.arm-none.linux64_1.15.0.201708311556/tools/compiler/bin/../lib/gcc/arm-none-eabi/6.3.1/../../../../arm-none-eabi/lib/thumb/v7e-m/fpv4-sp/hard/libc_nano.a(lib_a-nano-vfprintf_i.o)
                0x0000000008004d9c                _printf_common
 .text._printf_i
                0x0000000008004e88      0x240 /home/chaoyu/Downloads/eclipse/plugins/fr.ac6.mcu.externaltools.arm-none.linux64_1.15.0.201708311556/tools/compiler/bin/../lib/gcc/arm-none-eabi/6.3.1/../../../../arm-none-eabi/lib/thumb/v7e-m/fpv4-sp/hard/libc_nano.a(lib_a-nano-vfprintf_i.o)
                0x0000000008004e88                _printf_i
 .text.memmove  0x00000000080050c8       0x34 /home/chaoyu/Downloads/eclipse/plugins/fr.ac6.mcu.externaltools.arm-none.linux64_1.15.0.201708311556/tools/compiler/bin/../lib/gcc/arm-none-eabi/6.3.1/../../../../arm-none-eabi/lib/thumb/v7e-m/fpv4-sp/hard/libc_nano.a(lib_a-memmove.o)
                0x00000000080050c8                memmove
 .text._free_r  0x00000000080050fc       0x9c /home/chaoyu/Downloads/eclipse/plugins/fr.ac6.mcu.externaltools.arm-none.linux64_1.15.0.201708311556/tools/compiler/bin/../lib/gcc/arm-none-eabi/6.3.1/../../../../arm-none-eabi/lib/thumb/v7e-m/fpv4-sp/hard/libc_nano.a(lib_a-nano-freer.o)
                0x00000000080050fc                _free_r
 .text._malloc_r
                0x0000000008005198       0xbc /home/chaoyu/Downloads/eclipse/plugins/fr.ac6.mcu.externaltools.arm-none.linux64_1.15.0.201708311556/tools/compiler/bin/../lib/gcc/arm-none-eabi/6.3.1/../../../../arm-none-eabi/lib/thumb/v7e-m/fpv4-sp/hard/libc_nano.a(lib_a-nano-mallocr.o)
                0x0000000008005198                _malloc_r
 .text._realloc_r
                0x0000000008005254       0x4c /home/chaoyu/Downloads/eclipse/plugins/fr.ac6.mcu.externaltools.arm-none.linux64_1.15.0.201708311556/tools/compiler/bin/../lib/gcc/arm-none-eabi/6.3.1/../../../../arm-none-eabi/lib/thumb/v7e-m/fpv4-sp/hard/libc_nano.a(lib_a-nano-reallocr.o)
                0x0000000008005254                _realloc_r
 .text._sbrk_r  0x00000000080052a0       0x20 /home/chaoyu/Downloads/eclipse/plugins/fr.ac6.mcu.externaltools.arm-none.linux64_1.15.0.201708311556/tools/compiler/bin/../lib/gcc/arm-none-eabi/6.3.1/../../../../arm-none-eabi/lib/thumb/v7e-m/fpv4-sp/hard/libc_nano.a(lib_a-sbrkr.o)
                0x00000000080052a0                _sbrk_r
 .text.__malloc_lock
                0x00000000080052c0        0x2 /home/chaoyu/Downloads/eclipse/plugins/fr.ac6.mcu.externaltools.arm-none.linux64_1.15.0.201708311556/tools/compiler/bin/../lib/gcc/arm-none-eabi/6.3.1/../../../../arm-none-eabi/lib/thumb/v7e-m/fpv4-sp/hard/libc_nano.a(lib_a-mlock.o)
                0x00000000080052c0                __malloc_lock
 .text.__malloc_unlock
                0x00000000080052c2        0x2 /home/chaoyu/Downloads/eclipse/plugins/fr.ac6.mcu.externaltools.arm-none.linux64_1.15.0.201708311556/tools/compiler/bin/../lib/gcc/arm-none-eabi/6.3.1/../../../../arm-none-eabi/lib/thumb/v7e-m/fpv4-sp/hard/libc_nano.a(lib_a-mlock.o)
                0x00000000080052c2                __malloc_unlock
 .text._malloc_usable_size_r
                0x00000000080052c4       0x12 /home/chaoyu/Downloads/eclipse/plugins/fr.ac6.mcu.externaltools.arm-none.linux64_1.15.0.201708311556/tools/compiler/bin/../lib/gcc/arm-none-eabi/6.3.1/../../../../arm-none-eabi/lib/thumb/v7e-m/fpv4-sp/hard/libc_nano.a(lib_a-nano-msizer.o)
                0x00000000080052c4                _malloc_usable_size_r
 *fill*         0x00000000080052d6        0x2 
 .text._sbrk    0x00000000080052d8       0x1c /home/chaoyu/Downloads/eclipse/plugins/fr.ac6.mcu.externaltools.arm-none.linux64_1.15.0.201708311556/tools/compiler/bin/../lib/gcc/arm-none-eabi/6.3.1/../../../../arm-none-eabi/lib/thumb/v7e-m/fpv4-sp/hard/libnosys.a(sbrk.o)
                0x00000000080052d8                _sbrk
 *(.glue_7)
 .glue_7        0x00000000080052f4        0x0 linker stubs
 *(.glue_7t)
 .glue_7t       0x00000000080052f4        0x0 linker stubs
 *(.eh_frame)
 .eh_frame      0x00000000080052f4        0x0 /home/chaoyu/Downloads/eclipse/plugins/fr.ac6.mcu.externaltools.arm-none.linux64_1.15.0.201708311556/tools/compiler/bin/../lib/gcc/arm-none-eabi/6.3.1/thumb/v7e-m/fpv4-sp/hard/crtbegin.o
 *(.init)
 .init          0x00000000080052f4        0x4 /home/chaoyu/Downloads/eclipse/plugins/fr.ac6.mcu.externaltools.arm-none.linux64_1.15.0.201708311556/tools/compiler/bin/../lib/gcc/arm-none-eabi/6.3.1/thumb/v7e-m/fpv4-sp/hard/crti.o
                0x00000000080052f4                _init
 .init          0x00000000080052f8        0x8 /home/chaoyu/Downloads/eclipse/plugins/fr.ac6.mcu.externaltools.arm-none.linux64_1.15.0.201708311556/tools/compiler/bin/../lib/gcc/arm-none-eabi/6.3.1/thumb/v7e-m/fpv4-sp/hard/crtn.o
 *(.fini)
 .fini          0x0000000008005300        0x4 /home/chaoyu/Downloads/eclipse/plugins/fr.ac6.mcu.externaltools.arm-none.linux64_1.15.0.201708311556/tools/compiler/bin/../lib/gcc/arm-none-eabi/6.3.1/thumb/v7e-m/fpv4-sp/hard/crti.o
                0x0000000008005300                _fini
 .fini          0x0000000008005304        0x8 /home/chaoyu/Downloads/eclipse/plugins/fr.ac6.mcu.externaltools.arm-none.linux64_1.15.0.201708311556/tools/compiler/bin/../lib/gcc/arm-none-eabi/6.3.1/thumb/v7e-m/fpv4-sp/hard/crtn.o
                0x0000000008005310                . = ALIGN (0x8)
 *fill*         0x000000000800530c        0x4 
                0x0000000008005310                _etext = .

.vfp11_veneer   0x0000000008005310        0x0
 .vfp11_veneer  0x0000000008005310        0x0 linker stubs

.v4_bx          0x0000000008005310        0x0
 .v4_bx         0x0000000008005310        0x0 linker stubs

.iplt           0x0000000008005310        0x0
 .iplt          0x0000000008005310        0x0 /home/chaoyu/Downloads/eclipse/plugins/fr.ac6.mcu.externaltools.arm-none.linux64_1.15.0.201708311556/tools/compiler/bin/../lib/gcc/arm-none-eabi/6.3.1/thumb/v7e-m/fpv4-sp/hard/crtbegin.o

.rodata         0x0000000008005310      0x2d0
                0x0000000008005310                . = ALIGN (0x8)
 *(.rodata)
 .rodata        0x0000000008005310       0x14 Src/freertos.o
 .rodata        0x0000000008005324       0x48 Src/stm32l476g_discovery_glass_lcd.o
                0x0000000008005324                NumberMap
                0x0000000008005338                CapLetterMap
 .rodata        0x000000000800536c       0x48 Src/system_stm32l4xx.o
                0x000000000800536c                MSIRangeTable
                0x000000000800539c                AHBPrescTable
                0x00000000080053ac                APBPrescTable
 *(.rodata*)
 .rodata.str1.4
                0x00000000080053b4       0x3b Drivers/STM32L4xx_HAL_Driver/Src/stm32l4xx_hal_cortex.o
 *fill*         0x00000000080053ef        0x1 
 .rodata.str1.4
                0x00000000080053f0       0x39 Drivers/STM32L4xx_HAL_Driver/Src/stm32l4xx_hal_gpio.o
 *fill*         0x0000000008005429        0x3 
 .rodata.str1.4
                0x000000000800542c       0x38 Drivers/STM32L4xx_HAL_Driver/Src/stm32l4xx_hal_lcd.o
 .rodata.str1.4
                0x0000000008005464       0x3b Drivers/STM32L4xx_HAL_Driver/Src/stm32l4xx_hal_pwr_ex.o
 *fill*         0x000000000800549f        0x1 
 .rodata.str1.4
                0x00000000080054a0       0x38 Drivers/STM32L4xx_HAL_Driver/Src/stm32l4xx_hal_rcc.o
 .rodata.str1.4
                0x00000000080054d8       0x3b Drivers/STM32L4xx_HAL_Driver/Src/stm32l4xx_hal_rcc_ex.o
 *fill*         0x0000000008005513        0x1 
 .rodata.str1.4
                0x0000000008005514       0x39 Drivers/STM32L4xx_HAL_Driver/Src/stm32l4xx_hal_uart.o
 *fill*         0x000000000800554d        0x3 
 .rodata.str1.4
                0x0000000008005550        0x5 Middlewares/Third_Party/FreeRTOS/Source/tasks.o
 *fill*         0x0000000008005555        0x3 
 .rodata.str1.4
                0x0000000008005558        0xc Src/freertos.o
 .rodata.str1.4
                0x0000000008005564       0x38 Src/main.o
 .rodata.str1.4
                0x000000000800559c       0x10 Src/usart.o
                                          0xf (size before relaxing)
 .rodata._svfprintf_r.str1.1
                0x00000000080055ac       0x11 /home/chaoyu/Downloads/eclipse/plugins/fr.ac6.mcu.externaltools.arm-none.linux64_1.15.0.201708311556/tools/compiler/bin/../lib/gcc/arm-none-eabi/6.3.1/../../../../arm-none-eabi/lib/thumb/v7e-m/fpv4-sp/hard/libc_nano.a(lib_a-nano-svfprintf.o)
 .rodata._printf_i.str1.1
                0x00000000080055bd       0x22 /home/chaoyu/Downloads/eclipse/plugins/fr.ac6.mcu.externaltools.arm-none.linux64_1.15.0.201708311556/tools/compiler/bin/../lib/gcc/arm-none-eabi/6.3.1/../../../../arm-none-eabi/lib/thumb/v7e-m/fpv4-sp/hard/libc_nano.a(lib_a-nano-vfprintf_i.o)
                0x00000000080055e0                . = ALIGN (0x8)
 *fill*         0x00000000080055df        0x1 

.ARM.extab      0x00000000080055e0        0x0
                0x00000000080055e0                . = ALIGN (0x8)
 *(.ARM.extab* .gnu.linkonce.armextab.*)
                0x00000000080055e0                . = ALIGN (0x8)

.ARM            0x00000000080055e0        0x8
                0x00000000080055e0                . = ALIGN (0x8)
                0x00000000080055e0                __exidx_start = .
 *(.ARM.exidx*)
 .ARM.exidx     0x00000000080055e0        0x8 /home/chaoyu/Downloads/eclipse/plugins/fr.ac6.mcu.externaltools.arm-none.linux64_1.15.0.201708311556/tools/compiler/bin/../lib/gcc/arm-none-eabi/6.3.1/thumb/v7e-m/fpv4-sp/hard/libgcc.a(_udivmoddi4.o)
                0x00000000080055e8                __exidx_end = .
                0x00000000080055e8                . = ALIGN (0x8)

.rel.dyn        0x00000000080055e8        0x0
 .rel.iplt      0x00000000080055e8        0x0 /home/chaoyu/Downloads/eclipse/plugins/fr.ac6.mcu.externaltools.arm-none.linux64_1.15.0.201708311556/tools/compiler/bin/../lib/gcc/arm-none-eabi/6.3.1/thumb/v7e-m/fpv4-sp/hard/crtbegin.o

.preinit_array  0x00000000080055e8        0x0
                0x00000000080055e8                . = ALIGN (0x8)
                0x00000000080055e8                PROVIDE (__preinit_array_start, .)
 *(.preinit_array*)
                0x00000000080055e8                PROVIDE (__preinit_array_end, .)
                0x00000000080055e8                . = ALIGN (0x8)

.init_array     0x00000000080055e8        0x8
                0x00000000080055e8                . = ALIGN (0x8)
                0x00000000080055e8                PROVIDE (__init_array_start, .)
 *(SORT(.init_array.*))
 *(.init_array*)
 .init_array    0x00000000080055e8        0x4 /home/chaoyu/Downloads/eclipse/plugins/fr.ac6.mcu.externaltools.arm-none.linux64_1.15.0.201708311556/tools/compiler/bin/../lib/gcc/arm-none-eabi/6.3.1/thumb/v7e-m/fpv4-sp/hard/crtbegin.o
                0x00000000080055ec                PROVIDE (__init_array_end, .)
                0x00000000080055f0                . = ALIGN (0x8)
 *fill*         0x00000000080055ec        0x4 

.fini_array     0x00000000080055f0        0x8
                0x00000000080055f0                . = ALIGN (0x8)
                [!provide]                        PROVIDE (__fini_array_start, .)
 *(SORT(.fini_array.*))
 *(.fini_array*)
 .fini_array    0x00000000080055f0        0x4 /home/chaoyu/Downloads/eclipse/plugins/fr.ac6.mcu.externaltools.arm-none.linux64_1.15.0.201708311556/tools/compiler/bin/../lib/gcc/arm-none-eabi/6.3.1/thumb/v7e-m/fpv4-sp/hard/crtbegin.o
                [!provide]                        PROVIDE (__fini_array_end, .)
                0x00000000080055f8                . = ALIGN (0x8)
 *fill*         0x00000000080055f4        0x4 
                0x00000000080055f8                _sidata = LOADADDR (.data)

.data           0x0000000020000000       0x70 load address 0x00000000080055f8
                0x0000000020000000                . = ALIGN (0x8)
                0x0000000020000000                _sdata = .
 *(.data)
 .data          0x0000000020000000        0x4 Middlewares/Third_Party/FreeRTOS/Source/portable/GCC/ARM_CM4F/port.o
 .data          0x0000000020000004        0x4 Src/system_stm32l4xx.o
                0x0000000020000004                SystemCoreClock
 .data          0x0000000020000008        0x4 Src/usart.o
                0x0000000020000008                debug_uart_port
 *(.data*)
 .data._impure_ptr
                0x000000002000000c        0x4 /home/chaoyu/Downloads/eclipse/plugins/fr.ac6.mcu.externaltools.arm-none.linux64_1.15.0.201708311556/tools/compiler/bin/../lib/gcc/arm-none-eabi/6.3.1/../../../../arm-none-eabi/lib/thumb/v7e-m/fpv4-sp/hard/libc_nano.a(lib_a-impure.o)
                0x000000002000000c                _impure_ptr
 .data.impure_data
                0x0000000020000010       0x60 /home/chaoyu/Downloads/eclipse/plugins/fr.ac6.mcu.externaltools.arm-none.linux64_1.15.0.201708311556/tools/compiler/bin/../lib/gcc/arm-none-eabi/6.3.1/../../../../arm-none-eabi/lib/thumb/v7e-m/fpv4-sp/hard/libc_nano.a(lib_a-impure.o)
                0x0000000020000070                . = ALIGN (0x8)
                0x0000000020000070                _edata = .

.jcr            0x0000000020000070        0x0 load address 0x0000000008005668
 .jcr           0x0000000020000070        0x0 /home/chaoyu/Downloads/eclipse/plugins/fr.ac6.mcu.externaltools.arm-none.linux64_1.15.0.201708311556/tools/compiler/bin/../lib/gcc/arm-none-eabi/6.3.1/thumb/v7e-m/fpv4-sp/hard/crtbegin.o

.igot.plt       0x0000000020000070        0x0 load address 0x0000000008005668
 .igot.plt      0x0000000020000070        0x0 /home/chaoyu/Downloads/eclipse/plugins/fr.ac6.mcu.externaltools.arm-none.linux64_1.15.0.201708311556/tools/compiler/bin/../lib/gcc/arm-none-eabi/6.3.1/thumb/v7e-m/fpv4-sp/hard/crtbegin.o
                0x0000000020000070                . = ALIGN (0x4)

.bss            0x0000000020000070      0xdfc load address 0x0000000008005668
                0x0000000020000070                _sbss = .
                0x0000000020000070                __bss_start__ = _sbss
 *(.bss)
 .bss           0x0000000020000070       0x1c /home/chaoyu/Downloads/eclipse/plugins/fr.ac6.mcu.externaltools.arm-none.linux64_1.15.0.201708311556/tools/compiler/bin/../lib/gcc/arm-none-eabi/6.3.1/thumb/v7e-m/fpv4-sp/hard/crtbegin.o
 .bss           0x000000002000008c      0x12c Middlewares/Third_Party/FreeRTOS/Source/tasks.o
                0x000000002000018c                pxCurrentTCB
 .bss           0x00000000200001b8        0x8 Middlewares/Third_Party/FreeRTOS/Source/portable/GCC/ARM_CM4F/port.o
 .bss           0x00000000200001c0      0xbd0 Middlewares/Third_Party/FreeRTOS/Source/portable/MemMang/heap_4.o
 *(.bss*)
 .bss.__malloc_free_list
                0x0000000020000d90        0x4 /home/chaoyu/Downloads/eclipse/plugins/fr.ac6.mcu.externaltools.arm-none.linux64_1.15.0.201708311556/tools/compiler/bin/../lib/gcc/arm-none-eabi/6.3.1/../../../../arm-none-eabi/lib/thumb/v7e-m/fpv4-sp/hard/libc_nano.a(lib_a-nano-mallocr.o)
                0x0000000020000d90                __malloc_free_list
 .bss.__malloc_sbrk_start
                0x0000000020000d94        0x4 /home/chaoyu/Downloads/eclipse/plugins/fr.ac6.mcu.externaltools.arm-none.linux64_1.15.0.201708311556/tools/compiler/bin/../lib/gcc/arm-none-eabi/6.3.1/../../../../arm-none-eabi/lib/thumb/v7e-m/fpv4-sp/hard/libc_nano.a(lib_a-nano-mallocr.o)
                0x0000000020000d94                __malloc_sbrk_start
 .bss.heap_end.5239
                0x0000000020000d98        0x4 /home/chaoyu/Downloads/eclipse/plugins/fr.ac6.mcu.externaltools.arm-none.linux64_1.15.0.201708311556/tools/compiler/bin/../lib/gcc/arm-none-eabi/6.3.1/../../../../arm-none-eabi/lib/thumb/v7e-m/fpv4-sp/hard/libnosys.a(sbrk.o)
 *(COMMON)
 COMMON         0x0000000020000d9c        0x4 Drivers/STM32L4xx_HAL_Driver/Src/stm32l4xx_hal.o
                0x0000000020000d9c                uwTick
 COMMON         0x0000000020000da0        0x4 Src/freertos.o
                0x0000000020000da0                defaultTaskHandle
 COMMON         0x0000000020000da4       0x4c Src/stm32l476g_discovery_glass_lcd.o
                0x0000000020000da4                Digit
                0x0000000020000db4                LCDHandle
 COMMON         0x0000000020000df0       0x78 Src/usart.o
                0x0000000020000df0                huart2
 COMMON         0x0000000020000e68        0x4 /home/chaoyu/Downloads/eclipse/plugins/fr.ac6.mcu.externaltools.arm-none.linux64_1.15.0.201708311556/tools/compiler/bin/../lib/gcc/arm-none-eabi/6.3.1/../../../../arm-none-eabi/lib/thumb/v7e-m/fpv4-sp/hard/libc_nano.a(lib_a-reent.o)
                0x0000000020000e68                errno
                0x0000000020000e6c                . = ALIGN (0x4)
                0x0000000020000e6c                _ebss = .
                0x0000000020000e6c                __bss_end__ = _ebss

._user_heap_stack
                0x0000000020000e6c      0x604 load address 0x0000000008005668
                0x0000000020000e70                . = ALIGN (0x8)
 *fill*         0x0000000020000e6c        0x4 
                0x0000000020000e70                PROVIDE (end, .)
                [!provide]                        PROVIDE (_end, .)
                0x0000000020001070                . = (. + _Min_Heap_Size)
 *fill*         0x0000000020000e70      0x200 
                0x0000000020001470                . = (. + _Min_Stack_Size)
 *fill*         0x0000000020001070      0x400 
                0x0000000020001470                . = ALIGN (0x8)

/DISCARD/
 libc.a(*)
 libm.a(*)
 libgcc.a(*)

.ARM.attributes
                0x0000000000000000       0x30
 *(.ARM.attributes)
 .ARM.attributes
                0x0000000000000000       0x22 /home/chaoyu/Downloads/eclipse/plugins/fr.ac6.mcu.externaltools.arm-none.linux64_1.15.0.201708311556/tools/compiler/bin/../lib/gcc/arm-none-eabi/6.3.1/thumb/v7e-m/fpv4-sp/hard/crti.o
 .ARM.attributes
                0x0000000000000022       0x34 /home/chaoyu/Downloads/eclipse/plugins/fr.ac6.mcu.externaltools.arm-none.linux64_1.15.0.201708311556/tools/compiler/bin/../lib/gcc/arm-none-eabi/6.3.1/thumb/v7e-m/fpv4-sp/hard/crtbegin.o
 .ARM.attributes
                0x0000000000000056       0x39 Drivers/STM32L4xx_HAL_Driver/Src/stm32l4xx_hal.o
 .ARM.attributes
                0x000000000000008f       0x39 Drivers/STM32L4xx_HAL_Driver/Src/stm32l4xx_hal_cortex.o
 .ARM.attributes
                0x00000000000000c8       0x39 Drivers/STM32L4xx_HAL_Driver/Src/stm32l4xx_hal_gpio.o
 .ARM.attributes
                0x0000000000000101       0x39 Drivers/STM32L4xx_HAL_Driver/Src/stm32l4xx_hal_lcd.o
 .ARM.attributes
                0x000000000000013a       0x39 Drivers/STM32L4xx_HAL_Driver/Src/stm32l4xx_hal_pwr_ex.o
 .ARM.attributes
                0x0000000000000173       0x39 Drivers/STM32L4xx_HAL_Driver/Src/stm32l4xx_hal_rcc.o
 .ARM.attributes
                0x00000000000001ac       0x39 Drivers/STM32L4xx_HAL_Driver/Src/stm32l4xx_hal_rcc_ex.o
 .ARM.attributes
                0x00000000000001e5       0x39 Drivers/STM32L4xx_HAL_Driver/Src/stm32l4xx_hal_uart.o
 .ARM.attributes
                0x000000000000021e       0x39 Middlewares/Third_Party/FreeRTOS/Source/CMSIS_RTOS/cmsis_os.o
 .ARM.attributes
                0x0000000000000257       0x39 Middlewares/Third_Party/FreeRTOS/Source/list.o
 .ARM.attributes
                0x0000000000000290       0x39 Middlewares/Third_Party/FreeRTOS/Source/tasks.o
 .ARM.attributes
                0x00000000000002c9       0x39 Middlewares/Third_Party/FreeRTOS/Source/portable/GCC/ARM_CM4F/port.o
 .ARM.attributes
                0x0000000000000302       0x39 Middlewares/Third_Party/FreeRTOS/Source/portable/MemMang/heap_4.o
 .ARM.attributes
                0x000000000000033b       0x39 Src/freertos.o
 .ARM.attributes
                0x0000000000000374       0x39 Src/gpio.o
 .ARM.attributes
                0x00000000000003ad       0x39 Src/main.o
 .ARM.attributes
                0x00000000000003e6       0x39 Src/stm32l476g_discovery_glass_lcd.o
 .ARM.attributes
                0x000000000000041f       0x39 Src/stm32l4xx_hal_msp.o
 .ARM.attributes
                0x0000000000000458       0x39 Src/stm32l4xx_it.o
 .ARM.attributes
                0x0000000000000491       0x39 Src/system_stm32l4xx.o
 .ARM.attributes
                0x00000000000004ca       0x39 Src/usart.o
 .ARM.attributes
                0x0000000000000503       0x21 startup/startup_stm32l476xx.o
 .ARM.attributes
                0x0000000000000524       0x22 /home/chaoyu/Downloads/eclipse/plugins/fr.ac6.mcu.externaltools.arm-none.linux64_1.15.0.201708311556/tools/compiler/bin/../lib/gcc/arm-none-eabi/6.3.1/thumb/v7e-m/fpv4-sp/hard/libgcc.a(_aeabi_uldivmod.o)
 .ARM.attributes
                0x0000000000000546       0x34 /home/chaoyu/Downloads/eclipse/plugins/fr.ac6.mcu.externaltools.arm-none.linux64_1.15.0.201708311556/tools/compiler/bin/../lib/gcc/arm-none-eabi/6.3.1/thumb/v7e-m/fpv4-sp/hard/libgcc.a(_udivmoddi4.o)
 .ARM.attributes
                0x000000000000057a       0x22 /home/chaoyu/Downloads/eclipse/plugins/fr.ac6.mcu.externaltools.arm-none.linux64_1.15.0.201708311556/tools/compiler/bin/../lib/gcc/arm-none-eabi/6.3.1/thumb/v7e-m/fpv4-sp/hard/libgcc.a(_dvmd_tls.o)
 .ARM.attributes
                0x000000000000059c       0x34 /home/chaoyu/Downloads/eclipse/plugins/fr.ac6.mcu.externaltools.arm-none.linux64_1.15.0.201708311556/tools/compiler/bin/../lib/gcc/arm-none-eabi/6.3.1/../../../../arm-none-eabi/lib/thumb/v7e-m/fpv4-sp/hard/libc_nano.a(lib_a-impure.o)
 .ARM.attributes
                0x00000000000005d0       0x34 /home/chaoyu/Downloads/eclipse/plugins/fr.ac6.mcu.externaltools.arm-none.linux64_1.15.0.201708311556/tools/compiler/bin/../lib/gcc/arm-none-eabi/6.3.1/../../../../arm-none-eabi/lib/thumb/v7e-m/fpv4-sp/hard/libc_nano.a(lib_a-init.o)
 .ARM.attributes
                0x0000000000000604       0x34 /home/chaoyu/Downloads/eclipse/plugins/fr.ac6.mcu.externaltools.arm-none.linux64_1.15.0.201708311556/tools/compiler/bin/../lib/gcc/arm-none-eabi/6.3.1/../../../../arm-none-eabi/lib/thumb/v7e-m/fpv4-sp/hard/libc_nano.a(lib_a-memcpy-stub.o)
 .ARM.attributes
                0x0000000000000638       0x34 /home/chaoyu/Downloads/eclipse/plugins/fr.ac6.mcu.externaltools.arm-none.linux64_1.15.0.201708311556/tools/compiler/bin/../lib/gcc/arm-none-eabi/6.3.1/../../../../arm-none-eabi/lib/thumb/v7e-m/fpv4-sp/hard/libc_nano.a(lib_a-memset.o)
 .ARM.attributes
                0x000000000000066c       0x34 /home/chaoyu/Downloads/eclipse/plugins/fr.ac6.mcu.externaltools.arm-none.linux64_1.15.0.201708311556/tools/compiler/bin/../lib/gcc/arm-none-eabi/6.3.1/../../../../arm-none-eabi/lib/thumb/v7e-m/fpv4-sp/hard/libc_nano.a(lib_a-vsprintf.o)
 .ARM.attributes
                0x00000000000006a0       0x34 /home/chaoyu/Downloads/eclipse/plugins/fr.ac6.mcu.externaltools.arm-none.linux64_1.15.0.201708311556/tools/compiler/bin/../lib/gcc/arm-none-eabi/6.3.1/../../../../arm-none-eabi/lib/thumb/v7e-m/fpv4-sp/hard/libc_nano.a(lib_a-nano-svfprintf.o)
 .ARM.attributes
                0x00000000000006d4       0x34 /home/chaoyu/Downloads/eclipse/plugins/fr.ac6.mcu.externaltools.arm-none.linux64_1.15.0.201708311556/tools/compiler/bin/../lib/gcc/arm-none-eabi/6.3.1/../../../../arm-none-eabi/lib/thumb/v7e-m/fpv4-sp/hard/libc_nano.a(lib_a-nano-vfprintf_i.o)
 .ARM.attributes
                0x0000000000000708       0x20 /home/chaoyu/Downloads/eclipse/plugins/fr.ac6.mcu.externaltools.arm-none.linux64_1.15.0.201708311556/tools/compiler/bin/../lib/gcc/arm-none-eabi/6.3.1/../../../../arm-none-eabi/lib/thumb/v7e-m/fpv4-sp/hard/libc_nano.a(lib_a-memchr.o)
 .ARM.attributes
                0x0000000000000728       0x34 /home/chaoyu/Downloads/eclipse/plugins/fr.ac6.mcu.externaltools.arm-none.linux64_1.15.0.201708311556/tools/compiler/bin/../lib/gcc/arm-none-eabi/6.3.1/../../../../arm-none-eabi/lib/thumb/v7e-m/fpv4-sp/hard/libc_nano.a(lib_a-memmove.o)
 .ARM.attributes
                0x000000000000075c       0x34 /home/chaoyu/Downloads/eclipse/plugins/fr.ac6.mcu.externaltools.arm-none.linux64_1.15.0.201708311556/tools/compiler/bin/../lib/gcc/arm-none-eabi/6.3.1/../../../../arm-none-eabi/lib/thumb/v7e-m/fpv4-sp/hard/libc_nano.a(lib_a-nano-freer.o)
 .ARM.attributes
                0x0000000000000790       0x34 /home/chaoyu/Downloads/eclipse/plugins/fr.ac6.mcu.externaltools.arm-none.linux64_1.15.0.201708311556/tools/compiler/bin/../lib/gcc/arm-none-eabi/6.3.1/../../../../arm-none-eabi/lib/thumb/v7e-m/fpv4-sp/hard/libc_nano.a(lib_a-nano-mallocr.o)
 .ARM.attributes
                0x00000000000007c4       0x34 /home/chaoyu/Downloads/eclipse/plugins/fr.ac6.mcu.externaltools.arm-none.linux64_1.15.0.201708311556/tools/compiler/bin/../lib/gcc/arm-none-eabi/6.3.1/../../../../arm-none-eabi/lib/thumb/v7e-m/fpv4-sp/hard/libc_nano.a(lib_a-nano-reallocr.o)
 .ARM.attributes
                0x00000000000007f8       0x34 /home/chaoyu/Downloads/eclipse/plugins/fr.ac6.mcu.externaltools.arm-none.linux64_1.15.0.201708311556/tools/compiler/bin/../lib/gcc/arm-none-eabi/6.3.1/../../../../arm-none-eabi/lib/thumb/v7e-m/fpv4-sp/hard/libc_nano.a(lib_a-sbrkr.o)
 .ARM.attributes
                0x000000000000082c       0x34 /home/chaoyu/Downloads/eclipse/plugins/fr.ac6.mcu.externaltools.arm-none.linux64_1.15.0.201708311556/tools/compiler/bin/../lib/gcc/arm-none-eabi/6.3.1/../../../../arm-none-eabi/lib/thumb/v7e-m/fpv4-sp/hard/libc_nano.a(lib_a-mlock.o)
 .ARM.attributes
                0x0000000000000860       0x34 /home/chaoyu/Downloads/eclipse/plugins/fr.ac6.mcu.externaltools.arm-none.linux64_1.15.0.201708311556/tools/compiler/bin/../lib/gcc/arm-none-eabi/6.3.1/../../../../arm-none-eabi/lib/thumb/v7e-m/fpv4-sp/hard/libc_nano.a(lib_a-nano-msizer.o)
 .ARM.attributes
                0x0000000000000894       0x34 /home/chaoyu/Downloads/eclipse/plugins/fr.ac6.mcu.externaltools.arm-none.linux64_1.15.0.201708311556/tools/compiler/bin/../lib/gcc/arm-none-eabi/6.3.1/../../../../arm-none-eabi/lib/thumb/v7e-m/fpv4-sp/hard/libc_nano.a(lib_a-reent.o)
 .ARM.attributes
                0x00000000000008c8       0x34 /home/chaoyu/Downloads/eclipse/plugins/fr.ac6.mcu.externaltools.arm-none.linux64_1.15.0.201708311556/tools/compiler/bin/../lib/gcc/arm-none-eabi/6.3.1/../../../../arm-none-eabi/lib/thumb/v7e-m/fpv4-sp/hard/libnosys.a(sbrk.o)
 .ARM.attributes
                0x00000000000008fc       0x22 /home/chaoyu/Downloads/eclipse/plugins/fr.ac6.mcu.externaltools.arm-none.linux64_1.15.0.201708311556/tools/compiler/bin/../lib/gcc/arm-none-eabi/6.3.1/thumb/v7e-m/fpv4-sp/hard/crtn.o
OUTPUT(STM32L746-DISC.elf elf32-littlearm)

.debug_info     0x0000000000000000    0x1b614
 .debug_info    0x0000000000000000     0x1481 Drivers/STM32L4xx_HAL_Driver/Src/stm32l4xx_hal.o
 .debug_info    0x0000000000001481     0x1926 Drivers/STM32L4xx_HAL_Driver/Src/stm32l4xx_hal_cortex.o
 .debug_info    0x0000000000002da7     0x1257 Drivers/STM32L4xx_HAL_Driver/Src/stm32l4xx_hal_gpio.o
 .debug_info    0x0000000000003ffe     0x104b Drivers/STM32L4xx_HAL_Driver/Src/stm32l4xx_hal_lcd.o
 .debug_info    0x0000000000005049     0x1478 Drivers/STM32L4xx_HAL_Driver/Src/stm32l4xx_hal_pwr_ex.o
 .debug_info    0x00000000000064c1     0x1935 Drivers/STM32L4xx_HAL_Driver/Src/stm32l4xx_hal_rcc.o
 .debug_info    0x0000000000007df6     0x1ece Drivers/STM32L4xx_HAL_Driver/Src/stm32l4xx_hal_rcc_ex.o
 .debug_info    0x0000000000009cc4     0x277b Drivers/STM32L4xx_HAL_Driver/Src/stm32l4xx_hal_uart.o
 .debug_info    0x000000000000c43f     0x2321 Middlewares/Third_Party/FreeRTOS/Source/CMSIS_RTOS/cmsis_os.o
 .debug_info    0x000000000000e760      0xad4 Middlewares/Third_Party/FreeRTOS/Source/list.o
 .debug_info    0x000000000000f234     0x2922 Middlewares/Third_Party/FreeRTOS/Source/tasks.o
 .debug_info    0x0000000000011b56      0x534 Middlewares/Third_Party/FreeRTOS/Source/portable/GCC/ARM_CM4F/port.o
 .debug_info    0x000000000001208a      0xc78 Middlewares/Third_Party/FreeRTOS/Source/portable/MemMang/heap_4.o
 .debug_info    0x0000000000012d02      0x227 Src/freertos.o
 .debug_info    0x0000000000012f29     0x1095 Src/gpio.o
 .debug_info    0x0000000000013fbe     0x17fb Src/main.o
 .debug_info    0x00000000000157b9     0x2300 Src/stm32l476g_discovery_glass_lcd.o
 .debug_info    0x0000000000017ab9      0xee0 Src/stm32l4xx_hal_msp.o
 .debug_info    0x0000000000018999      0x9a8 Src/stm32l4xx_it.o
 .debug_info    0x0000000000019341      0xde9 Src/system_stm32l4xx.o
 .debug_info    0x000000000001a12a     0x1467 Src/usart.o
 .debug_info    0x000000000001b591       0x83 startup/startup_stm32l476xx.o

.debug_abbrev   0x0000000000000000     0x3895
 .debug_abbrev  0x0000000000000000      0x2ec Drivers/STM32L4xx_HAL_Driver/Src/stm32l4xx_hal.o
 .debug_abbrev  0x00000000000002ec      0x3b3 Drivers/STM32L4xx_HAL_Driver/Src/stm32l4xx_hal_cortex.o
 .debug_abbrev  0x000000000000069f      0x2dc Drivers/STM32L4xx_HAL_Driver/Src/stm32l4xx_hal_gpio.o
 .debug_abbrev  0x000000000000097b      0x2a6 Drivers/STM32L4xx_HAL_Driver/Src/stm32l4xx_hal_lcd.o
 .debug_abbrev  0x0000000000000c21      0x2e7 Drivers/STM32L4xx_HAL_Driver/Src/stm32l4xx_hal_pwr_ex.o
 .debug_abbrev  0x0000000000000f08      0x2f9 Drivers/STM32L4xx_HAL_Driver/Src/stm32l4xx_hal_rcc.o
 .debug_abbrev  0x0000000000001201      0x30a Drivers/STM32L4xx_HAL_Driver/Src/stm32l4xx_hal_rcc_ex.o
 .debug_abbrev  0x000000000000150b      0x31f Drivers/STM32L4xx_HAL_Driver/Src/stm32l4xx_hal_uart.o
 .debug_abbrev  0x000000000000182a      0x3d0 Middlewares/Third_Party/FreeRTOS/Source/CMSIS_RTOS/cmsis_os.o
 .debug_abbrev  0x0000000000001bfa      0x21c Middlewares/Third_Party/FreeRTOS/Source/list.o
 .debug_abbrev  0x0000000000001e16      0x3cd Middlewares/Third_Party/FreeRTOS/Source/tasks.o
 .debug_abbrev  0x00000000000021e3      0x205 Middlewares/Third_Party/FreeRTOS/Source/portable/GCC/ARM_CM4F/port.o
 .debug_abbrev  0x00000000000023e8      0x318 Middlewares/Third_Party/FreeRTOS/Source/portable/MemMang/heap_4.o
 .debug_abbrev  0x0000000000002700      0x134 Src/freertos.o
 .debug_abbrev  0x0000000000002834      0x229 Src/gpio.o
 .debug_abbrev  0x0000000000002a5d      0x27d Src/main.o
 .debug_abbrev  0x0000000000002cda      0x2de Src/stm32l476g_discovery_glass_lcd.o
 .debug_abbrev  0x0000000000002fb8      0x232 Src/stm32l4xx_hal_msp.o
 .debug_abbrev  0x00000000000031ea      0x1cf Src/stm32l4xx_it.o
 .debug_abbrev  0x00000000000033b9      0x226 Src/system_stm32l4xx.o
 .debug_abbrev  0x00000000000035df      0x2a4 Src/usart.o
 .debug_abbrev  0x0000000000003883       0x12 startup/startup_stm32l476xx.o

.debug_loc      0x0000000000000000     0x7ecd
 .debug_loc     0x0000000000000000      0x12f Drivers/STM32L4xx_HAL_Driver/Src/stm32l4xx_hal.o
 .debug_loc     0x000000000000012f      0x70f Drivers/STM32L4xx_HAL_Driver/Src/stm32l4xx_hal_cortex.o
 .debug_loc     0x000000000000083e      0x4e5 Drivers/STM32L4xx_HAL_Driver/Src/stm32l4xx_hal_gpio.o
 .debug_loc     0x0000000000000d23      0x35a Drivers/STM32L4xx_HAL_Driver/Src/stm32l4xx_hal_lcd.o
 .debug_loc     0x000000000000107d      0x66d Drivers/STM32L4xx_HAL_Driver/Src/stm32l4xx_hal_pwr_ex.o
 .debug_loc     0x00000000000016ea      0x64b Drivers/STM32L4xx_HAL_Driver/Src/stm32l4xx_hal_rcc.o
 .debug_loc     0x0000000000001d35     0x12f9 Drivers/STM32L4xx_HAL_Driver/Src/stm32l4xx_hal_rcc_ex.o
 .debug_loc     0x000000000000302e     0x184d Drivers/STM32L4xx_HAL_Driver/Src/stm32l4xx_hal_uart.o
 .debug_loc     0x000000000000487b      0xfe2 Middlewares/Third_Party/FreeRTOS/Source/CMSIS_RTOS/cmsis_os.o
 .debug_loc     0x000000000000585d       0x70 Middlewares/Third_Party/FreeRTOS/Source/list.o
 .debug_loc     0x00000000000058cd     0x14e6 Middlewares/Third_Party/FreeRTOS/Source/tasks.o
 .debug_loc     0x0000000000006db3      0x104 Middlewares/Third_Party/FreeRTOS/Source/portable/GCC/ARM_CM4F/port.o
 .debug_loc     0x0000000000006eb7      0x291 Middlewares/Third_Party/FreeRTOS/Source/portable/MemMang/heap_4.o
 .debug_loc     0x0000000000007148       0x21 Src/freertos.o
 .debug_loc     0x0000000000007169      0xb12 Src/stm32l476g_discovery_glass_lcd.o
 .debug_loc     0x0000000000007c7b      0x1e4 Src/system_stm32l4xx.o
 .debug_loc     0x0000000000007e5f       0x6e Src/usart.o

.debug_aranges  0x0000000000000000      0xd48
 .debug_aranges
                0x0000000000000000      0x118 Drivers/STM32L4xx_HAL_Driver/Src/stm32l4xx_hal.o
 .debug_aranges
                0x0000000000000118       0x98 Drivers/STM32L4xx_HAL_Driver/Src/stm32l4xx_hal_cortex.o
 .debug_aranges
                0x00000000000001b0       0x58 Drivers/STM32L4xx_HAL_Driver/Src/stm32l4xx_hal_gpio.o
 .debug_aranges
                0x0000000000000208       0x68 Drivers/STM32L4xx_HAL_Driver/Src/stm32l4xx_hal_lcd.o
 .debug_aranges
                0x0000000000000270      0x148 Drivers/STM32L4xx_HAL_Driver/Src/stm32l4xx_hal_pwr_ex.o
 .debug_aranges
                0x00000000000003b8       0x88 Drivers/STM32L4xx_HAL_Driver/Src/stm32l4xx_hal_rcc.o
 .debug_aranges
                0x0000000000000440       0xb8 Drivers/STM32L4xx_HAL_Driver/Src/stm32l4xx_hal_rcc_ex.o
 .debug_aranges
                0x00000000000004f8      0x1f8 Drivers/STM32L4xx_HAL_Driver/Src/stm32l4xx_hal_uart.o
 .debug_aranges
                0x00000000000006f0      0x1d8 Middlewares/Third_Party/FreeRTOS/Source/CMSIS_RTOS/cmsis_os.o
 .debug_aranges
                0x00000000000008c8       0x40 Middlewares/Third_Party/FreeRTOS/Source/list.o
 .debug_aranges
                0x0000000000000908      0x190 Middlewares/Third_Party/FreeRTOS/Source/tasks.o
 .debug_aranges
                0x0000000000000a98       0x80 Middlewares/Third_Party/FreeRTOS/Source/portable/GCC/ARM_CM4F/port.o
 .debug_aranges
                0x0000000000000b18       0x50 Middlewares/Third_Party/FreeRTOS/Source/portable/MemMang/heap_4.o
 .debug_aranges
                0x0000000000000b68       0x28 Src/freertos.o
 .debug_aranges
                0x0000000000000b90       0x20 Src/gpio.o
 .debug_aranges
                0x0000000000000bb0       0x38 Src/main.o
 .debug_aranges
                0x0000000000000be8       0x98 Src/stm32l476g_discovery_glass_lcd.o
 .debug_aranges
                0x0000000000000c80       0x20 Src/stm32l4xx_hal_msp.o
 .debug_aranges
                0x0000000000000ca0       0x20 Src/stm32l4xx_it.o
 .debug_aranges
                0x0000000000000cc0       0x28 Src/system_stm32l4xx.o
 .debug_aranges
                0x0000000000000ce8       0x38 Src/usart.o
 .debug_aranges
                0x0000000000000d20       0x28 startup/startup_stm32l476xx.o

.debug_ranges   0x0000000000000000      0xd28
 .debug_ranges  0x0000000000000000      0x108 Drivers/STM32L4xx_HAL_Driver/Src/stm32l4xx_hal.o
 .debug_ranges  0x0000000000000108       0xe8 Drivers/STM32L4xx_HAL_Driver/Src/stm32l4xx_hal_cortex.o
 .debug_ranges  0x00000000000001f0       0x48 Drivers/STM32L4xx_HAL_Driver/Src/stm32l4xx_hal_gpio.o
 .debug_ranges  0x0000000000000238       0x58 Drivers/STM32L4xx_HAL_Driver/Src/stm32l4xx_hal_lcd.o
 .debug_ranges  0x0000000000000290      0x138 Drivers/STM32L4xx_HAL_Driver/Src/stm32l4xx_hal_pwr_ex.o
 .debug_ranges  0x00000000000003c8       0x90 Drivers/STM32L4xx_HAL_Driver/Src/stm32l4xx_hal_rcc.o
 .debug_ranges  0x0000000000000458       0xc8 Drivers/STM32L4xx_HAL_Driver/Src/stm32l4xx_hal_rcc_ex.o
 .debug_ranges  0x0000000000000520      0x1e8 Drivers/STM32L4xx_HAL_Driver/Src/stm32l4xx_hal_uart.o
 .debug_ranges  0x0000000000000708      0x1c8 Middlewares/Third_Party/FreeRTOS/Source/CMSIS_RTOS/cmsis_os.o
 .debug_ranges  0x00000000000008d0       0x30 Middlewares/Third_Party/FreeRTOS/Source/list.o
 .debug_ranges  0x0000000000000900      0x208 Middlewares/Third_Party/FreeRTOS/Source/tasks.o
 .debug_ranges  0x0000000000000b08       0x88 Middlewares/Third_Party/FreeRTOS/Source/portable/GCC/ARM_CM4F/port.o
 .debug_ranges  0x0000000000000b90       0x40 Middlewares/Third_Party/FreeRTOS/Source/portable/MemMang/heap_4.o
 .debug_ranges  0x0000000000000bd0       0x18 Src/freertos.o
 .debug_ranges  0x0000000000000be8       0x10 Src/gpio.o
 .debug_ranges  0x0000000000000bf8       0x28 Src/main.o
 .debug_ranges  0x0000000000000c20       0x88 Src/stm32l476g_discovery_glass_lcd.o
 .debug_ranges  0x0000000000000ca8       0x10 Src/stm32l4xx_hal_msp.o
 .debug_ranges  0x0000000000000cb8       0x10 Src/stm32l4xx_it.o
 .debug_ranges  0x0000000000000cc8       0x18 Src/system_stm32l4xx.o
 .debug_ranges  0x0000000000000ce0       0x28 Src/usart.o
 .debug_ranges  0x0000000000000d08       0x20 startup/startup_stm32l476xx.o

.debug_macro    0x0000000000000000    0x29d2d
 .debug_macro   0x0000000000000000      0x372 Drivers/STM32L4xx_HAL_Driver/Src/stm32l4xx_hal.o
 .debug_macro   0x0000000000000372      0x8bc Drivers/STM32L4xx_HAL_Driver/Src/stm32l4xx_hal.o
 .debug_macro   0x0000000000000c2e      0x3fc Drivers/STM32L4xx_HAL_Driver/Src/stm32l4xx_hal.o
 .debug_macro   0x000000000000102a       0xbb Drivers/STM32L4xx_HAL_Driver/Src/stm32l4xx_hal.o
 .debug_macro   0x00000000000010e5       0x2e Drivers/STM32L4xx_HAL_Driver/Src/stm32l4xx_hal.o
 .debug_macro   0x0000000000001113       0x28 Drivers/STM32L4xx_HAL_Driver/Src/stm32l4xx_hal.o
 .debug_macro   0x000000000000113b       0x22 Drivers/STM32L4xx_HAL_Driver/Src/stm32l4xx_hal.o
 .debug_macro   0x000000000000115d       0x87 Drivers/STM32L4xx_HAL_Driver/Src/stm32l4xx_hal.o
 .debug_macro   0x00000000000011e4       0x51 Drivers/STM32L4xx_HAL_Driver/Src/stm32l4xx_hal.o
 .debug_macro   0x0000000000001235       0xef Drivers/STM32L4xx_HAL_Driver/Src/stm32l4xx_hal.o
 .debug_macro   0x0000000000001324       0x6a Drivers/STM32L4xx_HAL_Driver/Src/stm32l4xx_hal.o
 .debug_macro   0x000000000000138e      0x1df Drivers/STM32L4xx_HAL_Driver/Src/stm32l4xx_hal.o
 .debug_macro   0x000000000000156d       0x35 Drivers/STM32L4xx_HAL_Driver/Src/stm32l4xx_hal.o
 .debug_macro   0x00000000000015a2       0x50 Drivers/STM32L4xx_HAL_Driver/Src/stm32l4xx_hal.o
 .debug_macro   0x00000000000015f2      0xe66 Drivers/STM32L4xx_HAL_Driver/Src/stm32l4xx_hal.o
 .debug_macro   0x0000000000002458    0x1a1c4 Drivers/STM32L4xx_HAL_Driver/Src/stm32l4xx_hal.o
 .debug_macro   0x000000000001c61c       0x43 Drivers/STM32L4xx_HAL_Driver/Src/stm32l4xx_hal.o
 .debug_macro   0x000000000001c65f     0x36a8 Drivers/STM32L4xx_HAL_Driver/Src/stm32l4xx_hal.o
 .debug_macro   0x000000000001fd07       0x58 Drivers/STM32L4xx_HAL_Driver/Src/stm32l4xx_hal.o
 .debug_macro   0x000000000001fd5f       0x35 Drivers/STM32L4xx_HAL_Driver/Src/stm32l4xx_hal.o
 .debug_macro   0x000000000001fd94       0x9c Drivers/STM32L4xx_HAL_Driver/Src/stm32l4xx_hal.o
 .debug_macro   0x000000000001fe30       0x16 Drivers/STM32L4xx_HAL_Driver/Src/stm32l4xx_hal.o
 .debug_macro   0x000000000001fe46       0x97 Drivers/STM32L4xx_HAL_Driver/Src/stm32l4xx_hal.o
 .debug_macro   0x000000000001fedd      0x330 Drivers/STM32L4xx_HAL_Driver/Src/stm32l4xx_hal.o
 .debug_macro   0x000000000002020d       0xfd Drivers/STM32L4xx_HAL_Driver/Src/stm32l4xx_hal.o
 .debug_macro   0x000000000002030a       0x10 Drivers/STM32L4xx_HAL_Driver/Src/stm32l4xx_hal.o
 .debug_macro   0x000000000002031a       0x58 Drivers/STM32L4xx_HAL_Driver/Src/stm32l4xx_hal.o
 .debug_macro   0x0000000000020372       0x1f Drivers/STM32L4xx_HAL_Driver/Src/stm32l4xx_hal.o
 .debug_macro   0x0000000000020391       0x43 Drivers/STM32L4xx_HAL_Driver/Src/stm32l4xx_hal.o
 .debug_macro   0x00000000000203d4       0x20 Drivers/STM32L4xx_HAL_Driver/Src/stm32l4xx_hal.o
 .debug_macro   0x00000000000203f4      0x187 Drivers/STM32L4xx_HAL_Driver/Src/stm32l4xx_hal.o
 .debug_macro   0x000000000002057b       0x10 Drivers/STM32L4xx_HAL_Driver/Src/stm32l4xx_hal.o
 .debug_macro   0x000000000002058b       0x1c Drivers/STM32L4xx_HAL_Driver/Src/stm32l4xx_hal.o
 .debug_macro   0x00000000000205a7       0x52 Drivers/STM32L4xx_HAL_Driver/Src/stm32l4xx_hal.o
 .debug_macro   0x00000000000205f9       0x40 Drivers/STM32L4xx_HAL_Driver/Src/stm32l4xx_hal.o
 .debug_macro   0x0000000000020639       0x10 Drivers/STM32L4xx_HAL_Driver/Src/stm32l4xx_hal.o
 .debug_macro   0x0000000000020649       0x40 Drivers/STM32L4xx_HAL_Driver/Src/stm32l4xx_hal.o
 .debug_macro   0x0000000000020689       0xd7 Drivers/STM32L4xx_HAL_Driver/Src/stm32l4xx_hal.o
 .debug_macro   0x0000000000020760       0x16 Drivers/STM32L4xx_HAL_Driver/Src/stm32l4xx_hal.o
 .debug_macro   0x0000000000020776      0x18b Drivers/STM32L4xx_HAL_Driver/Src/stm32l4xx_hal.o
 .debug_macro   0x0000000000020901       0x50 Drivers/STM32L4xx_HAL_Driver/Src/stm32l4xx_hal.o
 .debug_macro   0x0000000000020951     0x1566 Drivers/STM32L4xx_HAL_Driver/Src/stm32l4xx_hal.o
 .debug_macro   0x0000000000021eb7      0x59e Drivers/STM32L4xx_HAL_Driver/Src/stm32l4xx_hal.o
 .debug_macro   0x0000000000022455      0x148 Drivers/STM32L4xx_HAL_Driver/Src/stm32l4xx_hal.o
 .debug_macro   0x000000000002259d      0x18b Drivers/STM32L4xx_HAL_Driver/Src/stm32l4xx_hal.o
 .debug_macro   0x0000000000022728      0x26b Drivers/STM32L4xx_HAL_Driver/Src/stm32l4xx_hal.o
 .debug_macro   0x0000000000022993      0x23a Drivers/STM32L4xx_HAL_Driver/Src/stm32l4xx_hal.o
 .debug_macro   0x0000000000022bcd      0x367 Drivers/STM32L4xx_HAL_Driver/Src/stm32l4xx_hal.o
 .debug_macro   0x0000000000022f34       0x10 Drivers/STM32L4xx_HAL_Driver/Src/stm32l4xx_hal.o
 .debug_macro   0x0000000000022f44       0xe4 Drivers/STM32L4xx_HAL_Driver/Src/stm32l4xx_hal.o
 .debug_macro   0x0000000000023028      0x202 Drivers/STM32L4xx_HAL_Driver/Src/stm32l4xx_hal.o
 .debug_macro   0x000000000002322a       0x61 Drivers/STM32L4xx_HAL_Driver/Src/stm32l4xx_hal.o
 .debug_macro   0x000000000002328b       0x90 Drivers/STM32L4xx_HAL_Driver/Src/stm32l4xx_hal.o
 .debug_macro   0x000000000002331b      0x3e5 Drivers/STM32L4xx_HAL_Driver/Src/stm32l4xx_hal.o
 .debug_macro   0x0000000000023700      0x126 Drivers/STM32L4xx_HAL_Driver/Src/stm32l4xx_hal.o
 .debug_macro   0x0000000000023826      0x3db Drivers/STM32L4xx_HAL_Driver/Src/stm32l4xx_hal.o
 .debug_macro   0x0000000000023c01      0x535 Drivers/STM32L4xx_HAL_Driver/Src/stm32l4xx_hal.o
 .debug_macro   0x0000000000024136       0x44 Drivers/STM32L4xx_HAL_Driver/Src/stm32l4xx_hal.o
 .debug_macro   0x000000000002417a      0x325 Drivers/STM32L4xx_HAL_Driver/Src/stm32l4xx_hal.o
 .debug_macro   0x000000000002449f      0x324 Drivers/STM32L4xx_HAL_Driver/Src/stm32l4xx_hal_cortex.o
 .debug_macro   0x00000000000247c3      0x363 Drivers/STM32L4xx_HAL_Driver/Src/stm32l4xx_hal_gpio.o
 .debug_macro   0x0000000000024b26      0x32a Drivers/STM32L4xx_HAL_Driver/Src/stm32l4xx_hal_lcd.o
 .debug_macro   0x0000000000024e50      0x348 Drivers/STM32L4xx_HAL_Driver/Src/stm32l4xx_hal_pwr_ex.o
 .debug_macro   0x0000000000025198      0x366 Drivers/STM32L4xx_HAL_Driver/Src/stm32l4xx_hal_rcc.o
 .debug_macro   0x00000000000254fe      0x35a Drivers/STM32L4xx_HAL_Driver/Src/stm32l4xx_hal_rcc_ex.o
 .debug_macro   0x0000000000025858      0x34d Drivers/STM32L4xx_HAL_Driver/Src/stm32l4xx_hal_uart.o
 .debug_macro   0x0000000000025ba5      0x1f3 Middlewares/Third_Party/FreeRTOS/Source/CMSIS_RTOS/cmsis_os.o
 .debug_macro   0x0000000000025d98       0x52 Middlewares/Third_Party/FreeRTOS/Source/CMSIS_RTOS/cmsis_os.o
 .debug_macro   0x0000000000025dea       0x8d Middlewares/Third_Party/FreeRTOS/Source/CMSIS_RTOS/cmsis_os.o
 .debug_macro   0x0000000000025e77      0x174 Middlewares/Third_Party/FreeRTOS/Source/CMSIS_RTOS/cmsis_os.o
 .debug_macro   0x0000000000025feb       0x57 Middlewares/Third_Party/FreeRTOS/Source/CMSIS_RTOS/cmsis_os.o
 .debug_macro   0x0000000000026042       0x10 Middlewares/Third_Party/FreeRTOS/Source/CMSIS_RTOS/cmsis_os.o
 .debug_macro   0x0000000000026052       0x35 Middlewares/Third_Party/FreeRTOS/Source/CMSIS_RTOS/cmsis_os.o
 .debug_macro   0x0000000000026087       0xd2 Middlewares/Third_Party/FreeRTOS/Source/CMSIS_RTOS/cmsis_os.o
 .debug_macro   0x0000000000026159      0x168 Middlewares/Third_Party/FreeRTOS/Source/CMSIS_RTOS/cmsis_os.o
 .debug_macro   0x00000000000262c1       0xe4 Middlewares/Third_Party/FreeRTOS/Source/CMSIS_RTOS/cmsis_os.o
 .debug_macro   0x00000000000263a5       0x10 Middlewares/Third_Party/FreeRTOS/Source/CMSIS_RTOS/cmsis_os.o
 .debug_macro   0x00000000000263b5       0x1f Middlewares/Third_Party/FreeRTOS/Source/CMSIS_RTOS/cmsis_os.o
 .debug_macro   0x00000000000263d4      0x40f Middlewares/Third_Party/FreeRTOS/Source/CMSIS_RTOS/cmsis_os.o
 .debug_macro   0x00000000000267e3       0xc0 Middlewares/Third_Party/FreeRTOS/Source/CMSIS_RTOS/cmsis_os.o
 .debug_macro   0x00000000000268a3       0x8c Middlewares/Third_Party/FreeRTOS/Source/CMSIS_RTOS/cmsis_os.o
 .debug_macro   0x000000000002692f       0x91 Middlewares/Third_Party/FreeRTOS/Source/CMSIS_RTOS/cmsis_os.o
 .debug_macro   0x00000000000269c0       0x94 Middlewares/Third_Party/FreeRTOS/Source/CMSIS_RTOS/cmsis_os.o
 .debug_macro   0x0000000000026a54       0x63 Middlewares/Third_Party/FreeRTOS/Source/CMSIS_RTOS/cmsis_os.o
 .debug_macro   0x0000000000026ab7       0x19 Middlewares/Third_Party/FreeRTOS/Source/CMSIS_RTOS/cmsis_os.o
 .debug_macro   0x0000000000026ad0       0xcf Middlewares/Third_Party/FreeRTOS/Source/CMSIS_RTOS/cmsis_os.o
 .debug_macro   0x0000000000026b9f       0x26 Middlewares/Third_Party/FreeRTOS/Source/CMSIS_RTOS/cmsis_os.o
 .debug_macro   0x0000000000026bc5      0x18b Middlewares/Third_Party/FreeRTOS/Source/list.o
 .debug_macro   0x0000000000026d50      0x26a Middlewares/Third_Party/FreeRTOS/Source/tasks.o
 .debug_macro   0x0000000000026fba       0x11 Middlewares/Third_Party/FreeRTOS/Source/tasks.o
 .debug_macro   0x0000000000026fcb      0x1ad Middlewares/Third_Party/FreeRTOS/Source/portable/GCC/ARM_CM4F/port.o
 .debug_macro   0x0000000000027178      0x1b2 Middlewares/Third_Party/FreeRTOS/Source/portable/MemMang/heap_4.o
 .debug_macro   0x000000000002732a      0x12b Src/freertos.o
 .debug_macro   0x0000000000027455      0x32e Src/gpio.o
 .debug_macro   0x0000000000027783      0x408 Src/main.o
 .debug_macro   0x0000000000027b8b       0xd8 Src/main.o
 .debug_macro   0x0000000000027c63      0x3f2 Src/main.o
 .debug_macro   0x0000000000028055      0x7c1 Src/main.o
 .debug_macro   0x0000000000028816      0x35f Src/stm32l476g_discovery_glass_lcd.o
 .debug_macro   0x0000000000028b75       0x10 Src/stm32l476g_discovery_glass_lcd.o
 .debug_macro   0x0000000000028b85      0x3e6 Src/stm32l476g_discovery_glass_lcd.o
 .debug_macro   0x0000000000028f6b      0x324 Src/stm32l4xx_hal_msp.o
 .debug_macro   0x000000000002928f      0x3e2 Src/stm32l4xx_it.o
 .debug_macro   0x0000000000029671      0x32b Src/system_stm32l4xx.o
 .debug_macro   0x000000000002999c      0x339 Src/usart.o
 .debug_macro   0x0000000000029cd5       0x58 Src/usart.o

.debug_line     0x0000000000000000     0xe40a
 .debug_line    0x0000000000000000      0xabe Drivers/STM32L4xx_HAL_Driver/Src/stm32l4xx_hal.o
 .debug_line    0x0000000000000abe      0xaca Drivers/STM32L4xx_HAL_Driver/Src/stm32l4xx_hal_cortex.o
 .debug_line    0x0000000000001588      0xb12 Drivers/STM32L4xx_HAL_Driver/Src/stm32l4xx_hal_gpio.o
 .debug_line    0x000000000000209a      0xb92 Drivers/STM32L4xx_HAL_Driver/Src/stm32l4xx_hal_lcd.o
 .debug_line    0x0000000000002c2c      0xd5b Drivers/STM32L4xx_HAL_Driver/Src/stm32l4xx_hal_pwr_ex.o
 .debug_line    0x0000000000003987      0xd73 Drivers/STM32L4xx_HAL_Driver/Src/stm32l4xx_hal_rcc.o
 .debug_line    0x00000000000046fa     0x1150 Drivers/STM32L4xx_HAL_Driver/Src/stm32l4xx_hal_rcc_ex.o
 .debug_line    0x000000000000584a     0x15f1 Drivers/STM32L4xx_HAL_Driver/Src/stm32l4xx_hal_uart.o
 .debug_line    0x0000000000006e3b      0xc1a Middlewares/Third_Party/FreeRTOS/Source/CMSIS_RTOS/cmsis_os.o
 .debug_line    0x0000000000007a55      0x5c3 Middlewares/Third_Party/FreeRTOS/Source/list.o
 .debug_line    0x0000000000008018      0xe30 Middlewares/Third_Party/FreeRTOS/Source/tasks.o
 .debug_line    0x0000000000008e48      0x644 Middlewares/Third_Party/FreeRTOS/Source/portable/GCC/ARM_CM4F/port.o
 .debug_line    0x000000000000948c      0x675 Middlewares/Third_Party/FreeRTOS/Source/portable/MemMang/heap_4.o
 .debug_line    0x0000000000009b01      0x576 Src/freertos.o
 .debug_line    0x000000000000a077      0x8c2 Src/gpio.o
 .debug_line    0x000000000000a939      0xb10 Src/main.o
 .debug_line    0x000000000000b449      0xb23 Src/stm32l476g_discovery_glass_lcd.o
 .debug_line    0x000000000000bf6c      0x85a Src/stm32l4xx_hal_msp.o
 .debug_line    0x000000000000c7c6      0xa79 Src/stm32l4xx_it.o
 .debug_line    0x000000000000d23f      0x893 Src/system_stm32l4xx.o
 .debug_line    0x000000000000dad2      0x8b9 Src/usart.o
 .debug_line    0x000000000000e38b       0x7f startup/startup_stm32l476xx.o

.debug_str      0x0000000000000000    0xf2956
 .debug_str     0x0000000000000000    0xe3df4 Drivers/STM32L4xx_HAL_Driver/Src/stm32l4xx_hal.o
                                      0xe4304 (size before relaxing)
 .debug_str     0x00000000000e3df4      0x372 Drivers/STM32L4xx_HAL_Driver/Src/stm32l4xx_hal_cortex.o
                                      0xe3f94 (size before relaxing)
 .debug_str     0x00000000000e4166      0x301 Drivers/STM32L4xx_HAL_Driver/Src/stm32l4xx_hal_gpio.o
                                      0xe3a4a (size before relaxing)
 .debug_str     0x00000000000e4467      0x275 Drivers/STM32L4xx_HAL_Driver/Src/stm32l4xx_hal_lcd.o
                                      0xe3850 (size before relaxing)
 .debug_str     0x00000000000e46dc      0x4ab Drivers/STM32L4xx_HAL_Driver/Src/stm32l4xx_hal_pwr_ex.o
                                      0xe3c85 (size before relaxing)
 .debug_str     0x00000000000e4b87      0x4f1 Drivers/STM32L4xx_HAL_Driver/Src/stm32l4xx_hal_rcc.o
                                      0xe3da1 (size before relaxing)
 .debug_str     0x00000000000e5078      0x621 Drivers/STM32L4xx_HAL_Driver/Src/stm32l4xx_hal_rcc_ex.o
                                      0xe3f42 (size before relaxing)
 .debug_str     0x00000000000e5699      0xc6f Drivers/STM32L4xx_HAL_Driver/Src/stm32l4xx_hal_uart.o
                                      0xe4496 (size before relaxing)
 .debug_str     0x00000000000e6308     0x5cfe Middlewares/Third_Party/FreeRTOS/Source/CMSIS_RTOS/cmsis_os.o
                                       0xd12f (size before relaxing)
 .debug_str     0x00000000000ec006      0x234 Middlewares/Third_Party/FreeRTOS/Source/list.o
                                       0xa3cc (size before relaxing)
 .debug_str     0x00000000000ec23a     0x10b7 Middlewares/Third_Party/FreeRTOS/Source/tasks.o
                                       0xc452 (size before relaxing)
 .debug_str     0x00000000000ed2f1      0x77c Middlewares/Third_Party/FreeRTOS/Source/portable/GCC/ARM_CM4F/port.o
                                       0x841f (size before relaxing)
 .debug_str     0x00000000000eda6d      0x243 Middlewares/Third_Party/FreeRTOS/Source/portable/MemMang/heap_4.o
                                       0xab0c (size before relaxing)
 .debug_str     0x00000000000edcb0       0x60 Src/freertos.o
                                       0x99af (size before relaxing)
 .debug_str     0x00000000000edd10       0x25 Src/gpio.o
                                      0xe3781 (size before relaxing)
 .debug_str     0x00000000000edd35     0x4667 Src/main.o
                                      0xedc54 (size before relaxing)
 .debug_str     0x00000000000f239c      0x3ec Src/stm32l476g_discovery_glass_lcd.o
                                      0xe86e7 (size before relaxing)
 .debug_str     0x00000000000f2788       0x1b Src/stm32l4xx_hal_msp.o
                                      0xe3bd4 (size before relaxing)
 .debug_str     0x00000000000f27a3       0x38 Src/stm32l4xx_it.o
                                      0xe87b4 (size before relaxing)
 .debug_str     0x00000000000f27db       0x50 Src/system_stm32l4xx.o
                                      0xe3761 (size before relaxing)
 .debug_str     0x00000000000f282b      0x12b Src/usart.o
                                      0xe3dd6 (size before relaxing)

.comment        0x0000000000000000       0x7f
 .comment       0x0000000000000000       0x7f Drivers/STM32L4xx_HAL_Driver/Src/stm32l4xx_hal.o
                                         0x80 (size before relaxing)
 .comment       0x000000000000007f       0x80 Drivers/STM32L4xx_HAL_Driver/Src/stm32l4xx_hal_cortex.o
 .comment       0x000000000000007f       0x80 Drivers/STM32L4xx_HAL_Driver/Src/stm32l4xx_hal_gpio.o
 .comment       0x000000000000007f       0x80 Drivers/STM32L4xx_HAL_Driver/Src/stm32l4xx_hal_lcd.o
 .comment       0x000000000000007f       0x80 Drivers/STM32L4xx_HAL_Driver/Src/stm32l4xx_hal_pwr_ex.o
 .comment       0x000000000000007f       0x80 Drivers/STM32L4xx_HAL_Driver/Src/stm32l4xx_hal_rcc.o
 .comment       0x000000000000007f       0x80 Drivers/STM32L4xx_HAL_Driver/Src/stm32l4xx_hal_rcc_ex.o
 .comment       0x000000000000007f       0x80 Drivers/STM32L4xx_HAL_Driver/Src/stm32l4xx_hal_uart.o
 .comment       0x000000000000007f       0x80 Middlewares/Third_Party/FreeRTOS/Source/CMSIS_RTOS/cmsis_os.o
 .comment       0x000000000000007f       0x80 Middlewares/Third_Party/FreeRTOS/Source/list.o
 .comment       0x000000000000007f       0x80 Middlewares/Third_Party/FreeRTOS/Source/tasks.o
 .comment       0x000000000000007f       0x80 Middlewares/Third_Party/FreeRTOS/Source/portable/GCC/ARM_CM4F/port.o
 .comment       0x000000000000007f       0x80 Middlewares/Third_Party/FreeRTOS/Source/portable/MemMang/heap_4.o
 .comment       0x000000000000007f       0x80 Src/freertos.o
 .comment       0x000000000000007f       0x80 Src/gpio.o
 .comment       0x000000000000007f       0x80 Src/main.o
 .comment       0x000000000000007f       0x80 Src/stm32l476g_discovery_glass_lcd.o
 .comment       0x000000000000007f       0x80 Src/stm32l4xx_hal_msp.o
 .comment       0x000000000000007f       0x80 Src/stm32l4xx_it.o
 .comment       0x000000000000007f       0x80 Src/system_stm32l4xx.o
 .comment       0x000000000000007f       0x80 Src/usart.o

.debug_frame    0x0000000000000000     0x25b8
 .debug_frame   0x0000000000000000      0x254 Drivers/STM32L4xx_HAL_Driver/Src/stm32l4xx_hal.o
 .debug_frame   0x0000000000000254      0x15c Drivers/STM32L4xx_HAL_Driver/Src/stm32l4xx_hal_cortex.o
 .debug_frame   0x00000000000003b0       0xfc Drivers/STM32L4xx_HAL_Driver/Src/stm32l4xx_hal_gpio.o
 .debug_frame   0x00000000000004ac      0x104 Drivers/STM32L4xx_HAL_Driver/Src/stm32l4xx_hal_lcd.o
 .debug_frame   0x00000000000005b0      0x2d8 Drivers/STM32L4xx_HAL_Driver/Src/stm32l4xx_hal_pwr_ex.o
 .debug_frame   0x0000000000000888      0x16c Drivers/STM32L4xx_HAL_Driver/Src/stm32l4xx_hal_rcc.o
 .debug_frame   0x00000000000009f4      0x204 Drivers/STM32L4xx_HAL_Driver/Src/stm32l4xx_hal_rcc_ex.o
 .debug_frame   0x0000000000000bf8      0x598 Drivers/STM32L4xx_HAL_Driver/Src/stm32l4xx_hal_uart.o
 .debug_frame   0x0000000000001190      0x584 Middlewares/Third_Party/FreeRTOS/Source/CMSIS_RTOS/cmsis_os.o
 .debug_frame   0x0000000000001714       0x6c Middlewares/Third_Party/FreeRTOS/Source/list.o
 .debug_frame   0x0000000000001780      0x4e8 Middlewares/Third_Party/FreeRTOS/Source/tasks.o
 .debug_frame   0x0000000000001c68       0xfc Middlewares/Third_Party/FreeRTOS/Source/portable/GCC/ARM_CM4F/port.o
 .debug_frame   0x0000000000001d64       0xac Middlewares/Third_Party/FreeRTOS/Source/portable/MemMang/heap_4.o
 .debug_frame   0x0000000000001e10       0x48 Src/freertos.o
 .debug_frame   0x0000000000001e58       0x40 Src/gpio.o
 .debug_frame   0x0000000000001e98       0x68 Src/main.o
 .debug_frame   0x0000000000001f00      0x1dc Src/stm32l476g_discovery_glass_lcd.o
 .debug_frame   0x00000000000020dc       0x2c Src/stm32l4xx_hal_msp.o
 .debug_frame   0x0000000000002108       0x28 Src/stm32l4xx_it.o
 .debug_frame   0x0000000000002130       0x30 Src/system_stm32l4xx.o
 .debug_frame   0x0000000000002160       0x94 Src/usart.o
 .debug_frame   0x00000000000021f4       0x2c /home/chaoyu/Downloads/eclipse/plugins/fr.ac6.mcu.externaltools.arm-none.linux64_1.15.0.201708311556/tools/compiler/bin/../lib/gcc/arm-none-eabi/6.3.1/thumb/v7e-m/fpv4-sp/hard/libgcc.a(_aeabi_uldivmod.o)
 .debug_frame   0x0000000000002220       0x34 /home/chaoyu/Downloads/eclipse/plugins/fr.ac6.mcu.externaltools.arm-none.linux64_1.15.0.201708311556/tools/compiler/bin/../lib/gcc/arm-none-eabi/6.3.1/thumb/v7e-m/fpv4-sp/hard/libgcc.a(_udivmoddi4.o)
 .debug_frame   0x0000000000002254       0x2c /home/chaoyu/Downloads/eclipse/plugins/fr.ac6.mcu.externaltools.arm-none.linux64_1.15.0.201708311556/tools/compiler/bin/../lib/gcc/arm-none-eabi/6.3.1/../../../../arm-none-eabi/lib/thumb/v7e-m/fpv4-sp/hard/libc_nano.a(lib_a-init.o)
 .debug_frame   0x0000000000002280       0x28 /home/chaoyu/Downloads/eclipse/plugins/fr.ac6.mcu.externaltools.arm-none.linux64_1.15.0.201708311556/tools/compiler/bin/../lib/gcc/arm-none-eabi/6.3.1/../../../../arm-none-eabi/lib/thumb/v7e-m/fpv4-sp/hard/libc_nano.a(lib_a-memcpy-stub.o)
 .debug_frame   0x00000000000022a8       0x20 /home/chaoyu/Downloads/eclipse/plugins/fr.ac6.mcu.externaltools.arm-none.linux64_1.15.0.201708311556/tools/compiler/bin/../lib/gcc/arm-none-eabi/6.3.1/../../../../arm-none-eabi/lib/thumb/v7e-m/fpv4-sp/hard/libc_nano.a(lib_a-memset.o)
 .debug_frame   0x00000000000022c8       0x40 /home/chaoyu/Downloads/eclipse/plugins/fr.ac6.mcu.externaltools.arm-none.linux64_1.15.0.201708311556/tools/compiler/bin/../lib/gcc/arm-none-eabi/6.3.1/../../../../arm-none-eabi/lib/thumb/v7e-m/fpv4-sp/hard/libc_nano.a(lib_a-vsprintf.o)
 .debug_frame   0x0000000000002308       0x90 /home/chaoyu/Downloads/eclipse/plugins/fr.ac6.mcu.externaltools.arm-none.linux64_1.15.0.201708311556/tools/compiler/bin/../lib/gcc/arm-none-eabi/6.3.1/../../../../arm-none-eabi/lib/thumb/v7e-m/fpv4-sp/hard/libc_nano.a(lib_a-nano-svfprintf.o)
 .debug_frame   0x0000000000002398       0x60 /home/chaoyu/Downloads/eclipse/plugins/fr.ac6.mcu.externaltools.arm-none.linux64_1.15.0.201708311556/tools/compiler/bin/../lib/gcc/arm-none-eabi/6.3.1/../../../../arm-none-eabi/lib/thumb/v7e-m/fpv4-sp/hard/libc_nano.a(lib_a-nano-vfprintf_i.o)
 .debug_frame   0x00000000000023f8       0x28 /home/chaoyu/Downloads/eclipse/plugins/fr.ac6.mcu.externaltools.arm-none.linux64_1.15.0.201708311556/tools/compiler/bin/../lib/gcc/arm-none-eabi/6.3.1/../../../../arm-none-eabi/lib/thumb/v7e-m/fpv4-sp/hard/libc_nano.a(lib_a-memmove.o)
 .debug_frame   0x0000000000002420       0x38 /home/chaoyu/Downloads/eclipse/plugins/fr.ac6.mcu.externaltools.arm-none.linux64_1.15.0.201708311556/tools/compiler/bin/../lib/gcc/arm-none-eabi/6.3.1/../../../../arm-none-eabi/lib/thumb/v7e-m/fpv4-sp/hard/libc_nano.a(lib_a-nano-freer.o)
 .debug_frame   0x0000000000002458       0x2c /home/chaoyu/Downloads/eclipse/plugins/fr.ac6.mcu.externaltools.arm-none.linux64_1.15.0.201708311556/tools/compiler/bin/../lib/gcc/arm-none-eabi/6.3.1/../../../../arm-none-eabi/lib/thumb/v7e-m/fpv4-sp/hard/libc_nano.a(lib_a-nano-mallocr.o)
 .debug_frame   0x0000000000002484       0x3c /home/chaoyu/Downloads/eclipse/plugins/fr.ac6.mcu.externaltools.arm-none.linux64_1.15.0.201708311556/tools/compiler/bin/../lib/gcc/arm-none-eabi/6.3.1/../../../../arm-none-eabi/lib/thumb/v7e-m/fpv4-sp/hard/libc_nano.a(lib_a-nano-reallocr.o)
 .debug_frame   0x00000000000024c0       0x2c /home/chaoyu/Downloads/eclipse/plugins/fr.ac6.mcu.externaltools.arm-none.linux64_1.15.0.201708311556/tools/compiler/bin/../lib/gcc/arm-none-eabi/6.3.1/../../../../arm-none-eabi/lib/thumb/v7e-m/fpv4-sp/hard/libc_nano.a(lib_a-sbrkr.o)
 .debug_frame   0x00000000000024ec       0x30 /home/chaoyu/Downloads/eclipse/plugins/fr.ac6.mcu.externaltools.arm-none.linux64_1.15.0.201708311556/tools/compiler/bin/../lib/gcc/arm-none-eabi/6.3.1/../../../../arm-none-eabi/lib/thumb/v7e-m/fpv4-sp/hard/libc_nano.a(lib_a-mlock.o)
 .debug_frame   0x000000000000251c       0x20 /home/chaoyu/Downloads/eclipse/plugins/fr.ac6.mcu.externaltools.arm-none.linux64_1.15.0.201708311556/tools/compiler/bin/../lib/gcc/arm-none-eabi/6.3.1/../../../../arm-none-eabi/lib/thumb/v7e-m/fpv4-sp/hard/libc_nano.a(lib_a-nano-msizer.o)
 .debug_frame   0x000000000000253c       0x5c /home/chaoyu/Downloads/eclipse/plugins/fr.ac6.mcu.externaltools.arm-none.linux64_1.15.0.201708311556/tools/compiler/bin/../lib/gcc/arm-none-eabi/6.3.1/../../../../arm-none-eabi/lib/thumb/v7e-m/fpv4-sp/hard/libc_nano.a(lib_a-reent.o)
 .debug_frame   0x0000000000002598       0x20 /home/chaoyu/Downloads/eclipse/plugins/fr.ac6.mcu.externaltools.arm-none.linux64_1.15.0.201708311556/tools/compiler/bin/../lib/gcc/arm-none-eabi/6.3.1/../../../../arm-none-eabi/lib/thumb/v7e-m/fpv4-sp/hard/libnosys.a(sbrk.o)